main.c:91:6:swap	24	static
main.c:98:5:partition	40	static
main.c:116:6:quickSort	32	static
main.c:131:5:get_median	24	static
main.c:137:6:HAL_TIM_PeriodElapsedCallback	112	static
main.c:207:5:main	8	static
main.c:262:6:SystemClock_Config	232	static
main.c:323:13:MX_ADC1_Init	48	static
main.c:388:13:MX_ADC2_Init	32	static
main.c:445:13:MX_DAC1_Init	48	static
main.c:486:13:MX_TIM2_Init	48	static
main.c:535:13:MX_TIM3_Init	40	static
main.c:578:13:MX_DMA_Init	16	static
main.c:599:13:MX_GPIO_Init	48	static
main.c:635:6:Error_Handler	4	static
