main.c:75:6:swap	24	static
main.c:82:5:partition	40	static
main.c:100:6:quickSort	32	static
main.c:115:5:get_median	24	static
main.c:121:6:HAL_TIM_PeriodElapsedCallback	80	static
main.c:156:5:main	8	static
main.c:208:6:SystemClock_Config	232	static
main.c:269:13:MX_ADC1_Init	48	static
main.c:334:13:MX_DAC1_Init	48	static
main.c:375:13:MX_TIM2_Init	48	static
main.c:424:13:MX_TIM3_Init	40	static
main.c:467:13:MX_DMA_Init	16	static
main.c:485:13:MX_GPIO_Init	48	static
main.c:521:6:Error_Handler	4	static
