main.c:89:6:swap	24	static
main.c:96:5:partition	40	static
main.c:114:6:quickSort	32	static
main.c:129:5:get_median	24	static
main.c:135:6:HAL_TIM_PeriodElapsedCallback	216	static
main.c:266:5:main	8	static
main.c:320:6:SystemClock_Config	232	static
main.c:381:13:MX_ADC1_Init	48	static
main.c:446:13:MX_ADC2_Init	32	static
main.c:503:13:MX_DAC1_Init	48	static
main.c:544:13:MX_TIM2_Init	48	static
main.c:593:13:MX_TIM3_Init	40	static
main.c:636:13:MX_DMA_Init	16	static
main.c:657:13:MX_GPIO_Init	48	static
main.c:693:6:Error_Handler	4	static
