main.c:97:6:swap	24	static
main.c:104:5:partition	40	static
main.c:122:6:quickSort	32	static
main.c:137:5:get_median	24	static
main.c:143:6:HAL_TIM_PeriodElapsedCallback	256	static
main.c:311:5:main	8	static
main.c:367:6:SystemClock_Config	232	static
main.c:429:13:MX_ADC1_Init	48	static
main.c:494:13:MX_ADC2_Init	32	static
main.c:551:13:MX_DAC1_Init	48	static
main.c:599:13:MX_TIM2_Init	48	static
main.c:648:13:MX_TIM3_Init	40	static
main.c:693:13:MX_USART2_UART_Init	8	static
main.c:726:13:MX_DMA_Init	16	static
main.c:747:13:MX_GPIO_Init	48	static
main.c:783:6:Error_Handler	4	static
