main.c:98:6:swap	24	static
main.c:105:5:partition	40	static
main.c:123:6:quickSort	32	static
main.c:138:5:get_median	24	static
main.c:144:6:HAL_TIM_PeriodElapsedCallback	264	static
main.c:312:5:main	8	static
main.c:368:6:SystemClock_Config	232	static
main.c:430:13:MX_ADC1_Init	48	static
main.c:495:13:MX_ADC2_Init	32	static
main.c:552:13:MX_DAC1_Init	48	static
main.c:600:13:MX_TIM2_Init	48	static
main.c:649:13:MX_TIM3_Init	40	static
main.c:694:13:MX_USART2_UART_Init	8	static
main.c:727:13:MX_DMA_Init	16	static
main.c:748:13:MX_GPIO_Init	48	static
main.c:784:6:Error_Handler	4	static
