Archive member included to satisfy reference by file (symbol)

c:/st/stm32cubeide_1.3.0/stm32cubeide/plugins/com.st.stm32cube.ide.mcu.externaltools.gnu-tools-for-stm32.7-2018-q2-update.win32_1.0.0.201904181610/tools/bin/../lib/gcc/arm-none-eabi/7.3.1/../../../../arm-none-eabi/lib/thumb/v7e-m/fpv4-sp/hard\libc_nano.a(lib_a-errno.o)
                              Core/Src/syscalls.o (__errno)
c:/st/stm32cubeide_1.3.0/stm32cubeide/plugins/com.st.stm32cube.ide.mcu.externaltools.gnu-tools-for-stm32.7-2018-q2-update.win32_1.0.0.201904181610/tools/bin/../lib/gcc/arm-none-eabi/7.3.1/../../../../arm-none-eabi/lib/thumb/v7e-m/fpv4-sp/hard\libc_nano.a(lib_a-exit.o)
                              c:/st/stm32cubeide_1.3.0/stm32cubeide/plugins/com.st.stm32cube.ide.mcu.externaltools.gnu-tools-for-stm32.7-2018-q2-update.win32_1.0.0.201904181610/tools/bin/../lib/gcc/arm-none-eabi/7.3.1/../../../../arm-none-eabi/lib/thumb/v7e-m/fpv4-sp/hard/crt0.o (exit)
c:/st/stm32cubeide_1.3.0/stm32cubeide/plugins/com.st.stm32cube.ide.mcu.externaltools.gnu-tools-for-stm32.7-2018-q2-update.win32_1.0.0.201904181610/tools/bin/../lib/gcc/arm-none-eabi/7.3.1/../../../../arm-none-eabi/lib/thumb/v7e-m/fpv4-sp/hard\libc_nano.a(lib_a-impure.o)
                              c:/st/stm32cubeide_1.3.0/stm32cubeide/plugins/com.st.stm32cube.ide.mcu.externaltools.gnu-tools-for-stm32.7-2018-q2-update.win32_1.0.0.201904181610/tools/bin/../lib/gcc/arm-none-eabi/7.3.1/../../../../arm-none-eabi/lib/thumb/v7e-m/fpv4-sp/hard\libc_nano.a(lib_a-exit.o) (_global_impure_ptr)
c:/st/stm32cubeide_1.3.0/stm32cubeide/plugins/com.st.stm32cube.ide.mcu.externaltools.gnu-tools-for-stm32.7-2018-q2-update.win32_1.0.0.201904181610/tools/bin/../lib/gcc/arm-none-eabi/7.3.1/../../../../arm-none-eabi/lib/thumb/v7e-m/fpv4-sp/hard\libc_nano.a(lib_a-init.o)
                              c:/st/stm32cubeide_1.3.0/stm32cubeide/plugins/com.st.stm32cube.ide.mcu.externaltools.gnu-tools-for-stm32.7-2018-q2-update.win32_1.0.0.201904181610/tools/bin/../lib/gcc/arm-none-eabi/7.3.1/../../../../arm-none-eabi/lib/thumb/v7e-m/fpv4-sp/hard/crt0.o (__libc_init_array)
c:/st/stm32cubeide_1.3.0/stm32cubeide/plugins/com.st.stm32cube.ide.mcu.externaltools.gnu-tools-for-stm32.7-2018-q2-update.win32_1.0.0.201904181610/tools/bin/../lib/gcc/arm-none-eabi/7.3.1/../../../../arm-none-eabi/lib/thumb/v7e-m/fpv4-sp/hard\libc_nano.a(lib_a-memset.o)
                              c:/st/stm32cubeide_1.3.0/stm32cubeide/plugins/com.st.stm32cube.ide.mcu.externaltools.gnu-tools-for-stm32.7-2018-q2-update.win32_1.0.0.201904181610/tools/bin/../lib/gcc/arm-none-eabi/7.3.1/../../../../arm-none-eabi/lib/thumb/v7e-m/fpv4-sp/hard/crt0.o (memset)
c:/st/stm32cubeide_1.3.0/stm32cubeide/plugins/com.st.stm32cube.ide.mcu.externaltools.gnu-tools-for-stm32.7-2018-q2-update.win32_1.0.0.201904181610/tools/bin/../lib/gcc/arm-none-eabi/7.3.1/thumb/v7e-m/fpv4-sp/hard\libgcc.a(_arm_addsubdf3.o)
                              Core/Src/main.o (__aeabi_dsub)
c:/st/stm32cubeide_1.3.0/stm32cubeide/plugins/com.st.stm32cube.ide.mcu.externaltools.gnu-tools-for-stm32.7-2018-q2-update.win32_1.0.0.201904181610/tools/bin/../lib/gcc/arm-none-eabi/7.3.1/thumb/v7e-m/fpv4-sp/hard\libgcc.a(_arm_muldivdf3.o)
                              Core/Src/main.o (__aeabi_dmul)
c:/st/stm32cubeide_1.3.0/stm32cubeide/plugins/com.st.stm32cube.ide.mcu.externaltools.gnu-tools-for-stm32.7-2018-q2-update.win32_1.0.0.201904181610/tools/bin/../lib/gcc/arm-none-eabi/7.3.1/thumb/v7e-m/fpv4-sp/hard\libgcc.a(_arm_fixdfsi.o)
                              Core/Src/main.o (__aeabi_d2iz)
c:/st/stm32cubeide_1.3.0/stm32cubeide/plugins/com.st.stm32cube.ide.mcu.externaltools.gnu-tools-for-stm32.7-2018-q2-update.win32_1.0.0.201904181610/tools/bin/../lib/gcc/arm-none-eabi/7.3.1/thumb/v7e-m/fpv4-sp/hard\libgcc.a(_aeabi_uldivmod.o)
                              Drivers/STM32L4xx_HAL_Driver/Src/stm32l4xx_hal_uart.o (__aeabi_uldivmod)
c:/st/stm32cubeide_1.3.0/stm32cubeide/plugins/com.st.stm32cube.ide.mcu.externaltools.gnu-tools-for-stm32.7-2018-q2-update.win32_1.0.0.201904181610/tools/bin/../lib/gcc/arm-none-eabi/7.3.1/thumb/v7e-m/fpv4-sp/hard\libgcc.a(_udivmoddi4.o)
                              c:/st/stm32cubeide_1.3.0/stm32cubeide/plugins/com.st.stm32cube.ide.mcu.externaltools.gnu-tools-for-stm32.7-2018-q2-update.win32_1.0.0.201904181610/tools/bin/../lib/gcc/arm-none-eabi/7.3.1/thumb/v7e-m/fpv4-sp/hard\libgcc.a(_aeabi_uldivmod.o) (__udivmoddi4)
c:/st/stm32cubeide_1.3.0/stm32cubeide/plugins/com.st.stm32cube.ide.mcu.externaltools.gnu-tools-for-stm32.7-2018-q2-update.win32_1.0.0.201904181610/tools/bin/../lib/gcc/arm-none-eabi/7.3.1/thumb/v7e-m/fpv4-sp/hard\libgcc.a(_dvmd_tls.o)
                              c:/st/stm32cubeide_1.3.0/stm32cubeide/plugins/com.st.stm32cube.ide.mcu.externaltools.gnu-tools-for-stm32.7-2018-q2-update.win32_1.0.0.201904181610/tools/bin/../lib/gcc/arm-none-eabi/7.3.1/thumb/v7e-m/fpv4-sp/hard\libgcc.a(_aeabi_uldivmod.o) (__aeabi_ldiv0)

Allocating common symbols
[...]
Memory Configuration

Name             Origin             Length             Attributes
RAM              0x0000000020000000 0x0000000000018000 xrw
RAM2             0x0000000010000000 0x0000000000008000 xrw
FLASH            0x0000000008000000 0x0000000000100000 xr
*default*        0x0000000000000000 0xffffffffffffffff

Linker script and memory map

LOAD c:/st/stm32cubeide_1.3.0/stm32cubeide/plugins/com.st.stm32cube.ide.mcu.externaltools.gnu-tools-for-stm32.7-2018-q2-update.win32_1.0.0.201904181610/tools/bin/../lib/gcc/arm-none-eabi/7.3.1/thumb/v7e-m/fpv4-sp/hard/crti.o
LOAD c:/st/stm32cubeide_1.3.0/stm32cubeide/plugins/com.st.stm32cube.ide.mcu.externaltools.gnu-tools-for-stm32.7-2018-q2-update.win32_1.0.0.201904181610/tools/bin/../lib/gcc/arm-none-eabi/7.3.1/thumb/v7e-m/fpv4-sp/hard/crtbegin.o
LOAD c:/st/stm32cubeide_1.3.0/stm32cubeide/plugins/com.st.stm32cube.ide.mcu.externaltools.gnu-tools-for-stm32.7-2018-q2-update.win32_1.0.0.201904181610/tools/bin/../lib/gcc/arm-none-eabi/7.3.1/../../../../arm-none-eabi/lib/thumb/v7e-m/fpv4-sp/hard/crt0.o
LOAD Core/Src/main.o
LOAD Core/Src/stm32l4xx_hal_msp.o
LOAD Core/Src/stm32l4xx_it.o
LOAD Core/Src/syscalls.o
LOAD Core/Src/sysmem.o
LOAD Core/Src/system_stm32l4xx.o
LOAD Core/Startup/startup_stm32l476rgtx.o
LOAD Drivers/STM32L4xx_HAL_Driver/Src/stm32l4xx_hal.o
LOAD Drivers/STM32L4xx_HAL_Driver/Src/stm32l4xx_hal_adc.o
LOAD Drivers/STM32L4xx_HAL_Driver/Src/stm32l4xx_hal_adc_ex.o
LOAD Drivers/STM32L4xx_HAL_Driver/Src/stm32l4xx_hal_cortex.o
LOAD Drivers/STM32L4xx_HAL_Driver/Src/stm32l4xx_hal_dac.o
LOAD Drivers/STM32L4xx_HAL_Driver/Src/stm32l4xx_hal_dac_ex.o
LOAD Drivers/STM32L4xx_HAL_Driver/Src/stm32l4xx_hal_dma.o
LOAD Drivers/STM32L4xx_HAL_Driver/Src/stm32l4xx_hal_dma_ex.o
LOAD Drivers/STM32L4xx_HAL_Driver/Src/stm32l4xx_hal_exti.o
LOAD Drivers/STM32L4xx_HAL_Driver/Src/stm32l4xx_hal_flash.o
LOAD Drivers/STM32L4xx_HAL_Driver/Src/stm32l4xx_hal_flash_ex.o
LOAD Drivers/STM32L4xx_HAL_Driver/Src/stm32l4xx_hal_flash_ramfunc.o
LOAD Drivers/STM32L4xx_HAL_Driver/Src/stm32l4xx_hal_gpio.o
LOAD Drivers/STM32L4xx_HAL_Driver/Src/stm32l4xx_hal_i2c.o
LOAD Drivers/STM32L4xx_HAL_Driver/Src/stm32l4xx_hal_i2c_ex.o
LOAD Drivers/STM32L4xx_HAL_Driver/Src/stm32l4xx_hal_pwr.o
LOAD Drivers/STM32L4xx_HAL_Driver/Src/stm32l4xx_hal_pwr_ex.o
LOAD Drivers/STM32L4xx_HAL_Driver/Src/stm32l4xx_hal_rcc.o
LOAD Drivers/STM32L4xx_HAL_Driver/Src/stm32l4xx_hal_rcc_ex.o
LOAD Drivers/STM32L4xx_HAL_Driver/Src/stm32l4xx_hal_tim.o
LOAD Drivers/STM32L4xx_HAL_Driver/Src/stm32l4xx_hal_tim_ex.o
LOAD Drivers/STM32L4xx_HAL_Driver/Src/stm32l4xx_hal_uart.o
LOAD Drivers/STM32L4xx_HAL_Driver/Src/stm32l4xx_hal_uart_ex.o
START GROUP
LOAD c:/st/stm32cubeide_1.3.0/stm32cubeide/plugins/com.st.stm32cube.ide.mcu.externaltools.gnu-tools-for-stm32.7-2018-q2-update.win32_1.0.0.201904181610/tools/bin/../lib/gcc/arm-none-eabi/7.3.1/../../../../arm-none-eabi/lib/thumb/v7e-m/fpv4-sp/hard\libc_nano.a
LOAD c:/st/stm32cubeide_1.3.0/stm32cubeide/plugins/com.st.stm32cube.ide.mcu.externaltools.gnu-tools-for-stm32.7-2018-q2-update.win32_1.0.0.201904181610/tools/bin/../lib/gcc/arm-none-eabi/7.3.1/../../../../arm-none-eabi/lib/thumb/v7e-m/fpv4-sp/hard\libm.a
END GROUP
START GROUP
LOAD c:/st/stm32cubeide_1.3.0/stm32cubeide/plugins/com.st.stm32cube.ide.mcu.externaltools.gnu-tools-for-stm32.7-2018-q2-update.win32_1.0.0.201904181610/tools/bin/../lib/gcc/arm-none-eabi/7.3.1/thumb/v7e-m/fpv4-sp/hard\libgcc.a
LOAD c:/st/stm32cubeide_1.3.0/stm32cubeide/plugins/com.st.stm32cube.ide.mcu.externaltools.gnu-tools-for-stm32.7-2018-q2-update.win32_1.0.0.201904181610/tools/bin/../lib/gcc/arm-none-eabi/7.3.1/../../../../arm-none-eabi/lib/thumb/v7e-m/fpv4-sp/hard\libc_nano.a
END GROUP
START GROUP
LOAD c:/st/stm32cubeide_1.3.0/stm32cubeide/plugins/com.st.stm32cube.ide.mcu.externaltools.gnu-tools-for-stm32.7-2018-q2-update.win32_1.0.0.201904181610/tools/bin/../lib/gcc/arm-none-eabi/7.3.1/thumb/v7e-m/fpv4-sp/hard\libgcc.a
LOAD c:/st/stm32cubeide_1.3.0/stm32cubeide/plugins/com.st.stm32cube.ide.mcu.externaltools.gnu-tools-for-stm32.7-2018-q2-update.win32_1.0.0.201904181610/tools/bin/../lib/gcc/arm-none-eabi/7.3.1/../../../../arm-none-eabi/lib/thumb/v7e-m/fpv4-sp/hard\libc_nano.a
LOAD c:/st/stm32cubeide_1.3.0/stm32cubeide/plugins/com.st.stm32cube.ide.mcu.externaltools.gnu-tools-for-stm32.7-2018-q2-update.win32_1.0.0.201904181610/tools/bin/../lib/gcc/arm-none-eabi/7.3.1/../../../../arm-none-eabi/lib/thumb/v7e-m/fpv4-sp/hard\libnosys.a
END GROUP
START GROUP
LOAD c:/st/stm32cubeide_1.3.0/stm32cubeide/plugins/com.st.stm32cube.ide.mcu.externaltools.gnu-tools-for-stm32.7-2018-q2-update.win32_1.0.0.201904181610/tools/bin/../lib/gcc/arm-none-eabi/7.3.1/thumb/v7e-m/fpv4-sp/hard\libgcc.a
LOAD c:/st/stm32cubeide_1.3.0/stm32cubeide/plugins/com.st.stm32cube.ide.mcu.externaltools.gnu-tools-for-stm32.7-2018-q2-update.win32_1.0.0.201904181610/tools/bin/../lib/gcc/arm-none-eabi/7.3.1/../../../../arm-none-eabi/lib/thumb/v7e-m/fpv4-sp/hard\libc_nano.a
LOAD c:/st/stm32cubeide_1.3.0/stm32cubeide/plugins/com.st.stm32cube.ide.mcu.externaltools.gnu-tools-for-stm32.7-2018-q2-update.win32_1.0.0.201904181610/tools/bin/../lib/gcc/arm-none-eabi/7.3.1/../../../../arm-none-eabi/lib/thumb/v7e-m/fpv4-sp/hard\libnosys.a
END GROUP
LOAD c:/st/stm32cubeide_1.3.0/stm32cubeide/plugins/com.st.stm32cube.ide.mcu.externaltools.gnu-tools-for-stm32.7-2018-q2-update.win32_1.0.0.201904181610/tools/bin/../lib/gcc/arm-none-eabi/7.3.1/thumb/v7e-m/fpv4-sp/hard/crtend.o
LOAD c:/st/stm32cubeide_1.3.0/stm32cubeide/plugins/com.st.stm32cube.ide.mcu.externaltools.gnu-tools-for-stm32.7-2018-q2-update.win32_1.0.0.201904181610/tools/bin/../lib/gcc/arm-none-eabi/7.3.1/thumb/v7e-m/fpv4-sp/hard/crtn.o
                0x0000000020018000                _estack = (ORIGIN (RAM) + LENGTH (RAM))
                0x0000000000000200                _Min_Heap_Size = 0x200
                0x0000000000000400                _Min_Stack_Size = 0x400

.isr_vector     0x0000000008000000      0x188
                0x0000000008000000                . = ALIGN (0x4)
 *(.isr_vector)
 .isr_vector    0x0000000008000000      0x188 Core/Startup/startup_stm32l476rgtx.o
                0x0000000008000000                g_pfnVectors
                0x0000000008000188                . = ALIGN (0x4)

.text           0x0000000008000188     0x783c
                0x0000000008000188                . = ALIGN (0x4)
 *(.text)
 .text          0x0000000008000188       0x40 c:/st/stm32cubeide_1.3.0/stm32cubeide/plugins/com.st.stm32cube.ide.mcu.externaltools.gnu-tools-for-stm32.7-2018-q2-update.win32_1.0.0.201904181610/tools/bin/../lib/gcc/arm-none-eabi/7.3.1/thumb/v7e-m/fpv4-sp/hard/crtbegin.o
 .text          0x00000000080001c8      0x378 c:/st/stm32cubeide_1.3.0/stm32cubeide/plugins/com.st.stm32cube.ide.mcu.externaltools.gnu-tools-for-stm32.7-2018-q2-update.win32_1.0.0.201904181610/tools/bin/../lib/gcc/arm-none-eabi/7.3.1/thumb/v7e-m/fpv4-sp/hard\libgcc.a(_arm_addsubdf3.o)
                0x00000000080001c8                __aeabi_drsub
                0x00000000080001d0                __aeabi_dsub
                0x00000000080001d0                __subdf3
                0x00000000080001d4                __aeabi_dadd
                0x00000000080001d4                __adddf3
                0x000000000800044c                __floatunsidf
                0x000000000800044c                __aeabi_ui2d
                0x000000000800046c                __floatsidf
                0x000000000800046c                __aeabi_i2d
                0x0000000008000490                __aeabi_f2d
                0x0000000008000490                __extendsfdf2
                0x00000000080004d4                __floatundidf
                0x00000000080004d4                __aeabi_ul2d
                0x00000000080004e4                __floatdidf
                0x00000000080004e4                __aeabi_l2d
 .text          0x0000000008000540      0x424 c:/st/stm32cubeide_1.3.0/stm32cubeide/plugins/com.st.stm32cube.ide.mcu.externaltools.gnu-tools-for-stm32.7-2018-q2-update.win32_1.0.0.201904181610/tools/bin/../lib/gcc/arm-none-eabi/7.3.1/thumb/v7e-m/fpv4-sp/hard\libgcc.a(_arm_muldivdf3.o)
                0x0000000008000540                __aeabi_dmul
                0x0000000008000540                __muldf3
                0x0000000008000794                __divdf3
                0x0000000008000794                __aeabi_ddiv
 .text          0x0000000008000964       0x50 c:/st/stm32cubeide_1.3.0/stm32cubeide/plugins/com.st.stm32cube.ide.mcu.externaltools.gnu-tools-for-stm32.7-2018-q2-update.win32_1.0.0.201904181610/tools/bin/../lib/gcc/arm-none-eabi/7.3.1/thumb/v7e-m/fpv4-sp/hard\libgcc.a(_arm_fixdfsi.o)
                0x0000000008000964                __aeabi_d2iz
                0x0000000008000964                __fixdfsi
 .text          0x00000000080009b4       0x30 c:/st/stm32cubeide_1.3.0/stm32cubeide/plugins/com.st.stm32cube.ide.mcu.externaltools.gnu-tools-for-stm32.7-2018-q2-update.win32_1.0.0.201904181610/tools/bin/../lib/gcc/arm-none-eabi/7.3.1/thumb/v7e-m/fpv4-sp/hard\libgcc.a(_aeabi_uldivmod.o)
                0x00000000080009b4                __aeabi_uldivmod
 .text          0x00000000080009e4      0x2cc c:/st/stm32cubeide_1.3.0/stm32cubeide/plugins/com.st.stm32cube.ide.mcu.externaltools.gnu-tools-for-stm32.7-2018-q2-update.win32_1.0.0.201904181610/tools/bin/../lib/gcc/arm-none-eabi/7.3.1/thumb/v7e-m/fpv4-sp/hard\libgcc.a(_udivmoddi4.o)
                0x00000000080009e4                __udivmoddi4
 .text          0x0000000008000cb0        0x4 c:/st/stm32cubeide_1.3.0/stm32cubeide/plugins/com.st.stm32cube.ide.mcu.externaltools.gnu-tools-for-stm32.7-2018-q2-update.win32_1.0.0.201904181610/tools/bin/../lib/gcc/arm-none-eabi/7.3.1/thumb/v7e-m/fpv4-sp/hard\libgcc.a(_dvmd_tls.o)
                0x0000000008000cb0                __aeabi_idiv0
                0x0000000008000cb0                __aeabi_ldiv0
 *(.text*)
 .text.swap     0x0000000008000cb4       0x2a Core/Src/main.o
                0x0000000008000cb4                swap
 .text.partition
                0x0000000008000cde       0x84 Core/Src/main.o
                0x0000000008000cde                partition
 .text.quickSort
                0x0000000008000d62       0x44 Core/Src/main.o
                0x0000000008000d62                quickSort
 .text.get_median
                0x0000000008000da6       0x26 Core/Src/main.o
                0x0000000008000da6                get_median
 *fill*         0x0000000008000dcc        0x4 
 .text.HAL_TIM_PeriodElapsedCallback
                0x0000000008000dd0      0xd68 Core/Src/main.o
                0x0000000008000dd0                HAL_TIM_PeriodElapsedCallback
 .text.main     0x0000000008001b38       0x84 Core/Src/main.o
                0x0000000008001b38                main
 .text.SystemClock_Config
                0x0000000008001bbc      0x110 Core/Src/main.o
                0x0000000008001bbc                SystemClock_Config
 .text.MX_ADC1_Init
                0x0000000008001ccc       0xf4 Core/Src/main.o
 .text.MX_ADC2_Init
                0x0000000008001dc0       0xcc Core/Src/main.o
 .text.MX_DAC1_Init
                0x0000000008001e8c       0x7c Core/Src/main.o
 .text.MX_TIM2_Init
                0x0000000008001f08       0xb4 Core/Src/main.o
 .text.MX_TIM3_Init
                0x0000000008001fbc       0x9c Core/Src/main.o
 .text.MX_USART2_UART_Init
                0x0000000008002058       0x60 Core/Src/main.o
 .text.MX_DMA_Init
                0x00000000080020b8       0x4c Core/Src/main.o
 .text.MX_GPIO_Init
                0x0000000008002104       0xd4 Core/Src/main.o
 .text.Error_Handler
                0x00000000080021d8        0xe Core/Src/main.o
                0x00000000080021d8                Error_Handler
 *fill*         0x00000000080021e6        0x2 
 .text.HAL_MspInit
                0x00000000080021e8       0x48 Core/Src/stm32l4xx_hal_msp.o
                0x00000000080021e8                HAL_MspInit
 .text.HAL_ADC_MspInit
                0x0000000008002230      0x1bc Core/Src/stm32l4xx_hal_msp.o
                0x0000000008002230                HAL_ADC_MspInit
 .text.HAL_DAC_MspInit
                0x00000000080023ec       0x7c Core/Src/stm32l4xx_hal_msp.o
                0x00000000080023ec                HAL_DAC_MspInit
 .text.HAL_TIM_PWM_MspInit
                0x0000000008002468       0x3c Core/Src/stm32l4xx_hal_msp.o
                0x0000000008002468                HAL_TIM_PWM_MspInit
 .text.HAL_TIM_Base_MspInit
                0x00000000080024a4       0x4c Core/Src/stm32l4xx_hal_msp.o
                0x00000000080024a4                HAL_TIM_Base_MspInit
 .text.HAL_TIM_MspPostInit
                0x00000000080024f0       0x6c Core/Src/stm32l4xx_hal_msp.o
                0x00000000080024f0                HAL_TIM_MspPostInit
 .text.HAL_UART_MspInit
                0x000000000800255c       0x84 Core/Src/stm32l4xx_hal_msp.o
                0x000000000800255c                HAL_UART_MspInit
 .text.NMI_Handler
                0x00000000080025e0        0xe Core/Src/stm32l4xx_it.o
                0x00000000080025e0                NMI_Handler
 .text.HardFault_Handler
                0x00000000080025ee        0x6 Core/Src/stm32l4xx_it.o
                0x00000000080025ee                HardFault_Handler
 .text.MemManage_Handler
                0x00000000080025f4        0x6 Core/Src/stm32l4xx_it.o
                0x00000000080025f4                MemManage_Handler
 .text.BusFault_Handler
                0x00000000080025fa        0x6 Core/Src/stm32l4xx_it.o
                0x00000000080025fa                BusFault_Handler
 .text.UsageFault_Handler
                0x0000000008002600        0x6 Core/Src/stm32l4xx_it.o
                0x0000000008002600                UsageFault_Handler
 .text.SVC_Handler
                0x0000000008002606        0xe Core/Src/stm32l4xx_it.o
                0x0000000008002606                SVC_Handler
 .text.DebugMon_Handler
                0x0000000008002614        0xe Core/Src/stm32l4xx_it.o
                0x0000000008002614                DebugMon_Handler
 .text.PendSV_Handler
                0x0000000008002622        0xe Core/Src/stm32l4xx_it.o
                0x0000000008002622                PendSV_Handler
 .text.SysTick_Handler
                0x0000000008002630        0xc Core/Src/stm32l4xx_it.o
                0x0000000008002630                SysTick_Handler
 .text.DMA1_Channel1_IRQHandler
                0x000000000800263c       0x14 Core/Src/stm32l4xx_it.o
                0x000000000800263c                DMA1_Channel1_IRQHandler
 .text.DMA1_Channel2_IRQHandler
                0x0000000008002650       0x14 Core/Src/stm32l4xx_it.o
                0x0000000008002650                DMA1_Channel2_IRQHandler
 .text.TIM3_IRQHandler
                0x0000000008002664       0x14 Core/Src/stm32l4xx_it.o
                0x0000000008002664                TIM3_IRQHandler
 .text.SystemInit
                0x0000000008002678       0x6c Core/Src/system_stm32l4xx.o
                0x0000000008002678                SystemInit
 .text.Reset_Handler
                0x00000000080026e4       0x50 Core/Startup/startup_stm32l476rgtx.o
                0x00000000080026e4                Reset_Handler
 .text.Default_Handler
                0x0000000008002734        0x2 Core/Startup/startup_stm32l476rgtx.o
                0x0000000008002734                RTC_Alarm_IRQHandler
                0x0000000008002734                EXTI2_IRQHandler
                0x0000000008002734                TIM8_TRG_COM_IRQHandler
                0x0000000008002734                TIM8_CC_IRQHandler
                0x0000000008002734                TIM1_CC_IRQHandler
                0x0000000008002734                TSC_IRQHandler
                0x0000000008002734                TAMP_STAMP_IRQHandler
                0x0000000008002734                EXTI3_IRQHandler
                0x0000000008002734                LPTIM2_IRQHandler
                0x0000000008002734                DFSDM1_FLT1_IRQHandler
                0x0000000008002734                I2C3_ER_IRQHandler
                0x0000000008002734                DFSDM1_FLT2_IRQHandler
                0x0000000008002734                EXTI0_IRQHandler
                0x0000000008002734                I2C2_EV_IRQHandler
                0x0000000008002734                CAN1_RX0_IRQHandler
                0x0000000008002734                FPU_IRQHandler
                0x0000000008002734                TIM1_UP_TIM16_IRQHandler
                0x0000000008002734                ADC1_2_IRQHandler
                0x0000000008002734                SPI1_IRQHandler
                0x0000000008002734                TIM6_DAC_IRQHandler
                0x0000000008002734                TIM8_UP_IRQHandler
                0x0000000008002734                DMA2_Channel2_IRQHandler
                0x0000000008002734                DMA1_Channel4_IRQHandler
                0x0000000008002734                SAI2_IRQHandler
                0x0000000008002734                DFSDM1_FLT3_IRQHandler
                0x0000000008002734                USART3_IRQHandler
                0x0000000008002734                DMA1_Channel7_IRQHandler
                0x0000000008002734                CAN1_RX1_IRQHandler
                0x0000000008002734                LCD_IRQHandler
                0x0000000008002734                UART5_IRQHandler
                0x0000000008002734                ADC3_IRQHandler
                0x0000000008002734                TIM4_IRQHandler
                0x0000000008002734                DMA2_Channel1_IRQHandler
                0x0000000008002734                QUADSPI_IRQHandler
                0x0000000008002734                I2C1_EV_IRQHandler
                0x0000000008002734                DMA1_Channel6_IRQHandler
                0x0000000008002734                UART4_IRQHandler
                0x0000000008002734                DMA2_Channel4_IRQHandler
                0x0000000008002734                RCC_IRQHandler
                0x0000000008002734                Default_Handler
                0x0000000008002734                DMA2_Channel7_IRQHandler
                0x0000000008002734                EXTI15_10_IRQHandler
                0x0000000008002734                TIM7_IRQHandler
                0x0000000008002734                SDMMC1_IRQHandler
                0x0000000008002734                TIM5_IRQHandler
                0x0000000008002734                I2C3_EV_IRQHandler
                0x0000000008002734                EXTI9_5_IRQHandler
                0x0000000008002734                RTC_WKUP_IRQHandler
                0x0000000008002734                PVD_PVM_IRQHandler
                0x0000000008002734                SPI2_IRQHandler
                0x0000000008002734                CAN1_TX_IRQHandler
                0x0000000008002734                DMA2_Channel5_IRQHandler
                0x0000000008002734                DMA1_Channel5_IRQHandler
                0x0000000008002734                EXTI4_IRQHandler
                0x0000000008002734                RNG_IRQHandler
                0x0000000008002734                TIM1_TRG_COM_TIM17_IRQHandler
                0x0000000008002734                DMA1_Channel3_IRQHandler
                0x0000000008002734                COMP_IRQHandler
                0x0000000008002734                WWDG_IRQHandler
                0x0000000008002734                LPUART1_IRQHandler
                0x0000000008002734                DMA2_Channel6_IRQHandler
                0x0000000008002734                TIM2_IRQHandler
                0x0000000008002734                EXTI1_IRQHandler
                0x0000000008002734                USART2_IRQHandler
                0x0000000008002734                DFSDM1_FLT0_IRQHandler
                0x0000000008002734                I2C2_ER_IRQHandler
                0x0000000008002734                TIM8_BRK_IRQHandler
                0x0000000008002734                CAN1_SCE_IRQHandler
                0x0000000008002734                FLASH_IRQHandler
                0x0000000008002734                USART1_IRQHandler
                0x0000000008002734                OTG_FS_IRQHandler
                0x0000000008002734                SPI3_IRQHandler
                0x0000000008002734                I2C1_ER_IRQHandler
                0x0000000008002734                FMC_IRQHandler
                0x0000000008002734                SWPMI1_IRQHandler
                0x0000000008002734                LPTIM1_IRQHandler
                0x0000000008002734                SAI1_IRQHandler
                0x0000000008002734                DMA2_Channel3_IRQHandler
                0x0000000008002734                TIM1_BRK_TIM15_IRQHandler
 *fill*         0x0000000008002736        0x2 
 .text.HAL_Init
                0x0000000008002738       0x40 Drivers/STM32L4xx_HAL_Driver/Src/stm32l4xx_hal.o
                0x0000000008002738                HAL_Init
 .text.HAL_InitTick
                0x0000000008002778       0x74 Drivers/STM32L4xx_HAL_Driver/Src/stm32l4xx_hal.o
                0x0000000008002778                HAL_InitTick
 .text.HAL_IncTick
                0x00000000080027ec       0x24 Drivers/STM32L4xx_HAL_Driver/Src/stm32l4xx_hal.o
                0x00000000080027ec                HAL_IncTick
 .text.HAL_GetTick
                0x0000000008002810       0x18 Drivers/STM32L4xx_HAL_Driver/Src/stm32l4xx_hal.o
                0x0000000008002810                HAL_GetTick
 .text.HAL_Delay
                0x0000000008002828       0x44 Drivers/STM32L4xx_HAL_Driver/Src/stm32l4xx_hal.o
                0x0000000008002828                HAL_Delay
 .text.LL_ADC_SetCommonClock
                0x000000000800286c       0x26 Drivers/STM32L4xx_HAL_Driver/Src/stm32l4xx_hal_adc.o
 .text.LL_ADC_SetCommonPathInternalCh
                0x0000000008002892       0x26 Drivers/STM32L4xx_HAL_Driver/Src/stm32l4xx_hal_adc.o
 .text.LL_ADC_GetCommonPathInternalCh
                0x00000000080028b8       0x1c Drivers/STM32L4xx_HAL_Driver/Src/stm32l4xx_hal_adc.o
 .text.LL_ADC_SetOffset
                0x00000000080028d4       0x44 Drivers/STM32L4xx_HAL_Driver/Src/stm32l4xx_hal_adc.o
 .text.LL_ADC_GetOffsetChannel
                0x0000000008002918       0x28 Drivers/STM32L4xx_HAL_Driver/Src/stm32l4xx_hal_adc.o
 .text.LL_ADC_SetOffsetState
                0x0000000008002940       0x30 Drivers/STM32L4xx_HAL_Driver/Src/stm32l4xx_hal_adc.o
 .text.LL_ADC_REG_IsTriggerSourceSWStart
                0x0000000008002970       0x26 Drivers/STM32L4xx_HAL_Driver/Src/stm32l4xx_hal_adc.o
 .text.LL_ADC_REG_SetSequencerRanks
                0x0000000008002996       0x52 Drivers/STM32L4xx_HAL_Driver/Src/stm32l4xx_hal_adc.o
 .text.LL_ADC_SetChannelSamplingTime
                0x00000000080029e8       0x50 Drivers/STM32L4xx_HAL_Driver/Src/stm32l4xx_hal_adc.o
 .text.LL_ADC_SetChannelSingleDiff
                0x0000000008002a38       0x48 Drivers/STM32L4xx_HAL_Driver/Src/stm32l4xx_hal_adc.o
 .text.LL_ADC_GetMultimode
                0x0000000008002a80       0x1c Drivers/STM32L4xx_HAL_Driver/Src/stm32l4xx_hal_adc.o
 .text.LL_ADC_DisableDeepPowerDown
                0x0000000008002a9c       0x24 Drivers/STM32L4xx_HAL_Driver/Src/stm32l4xx_hal_adc.o
 .text.LL_ADC_IsDeepPowerDownEnabled
                0x0000000008002ac0       0x28 Drivers/STM32L4xx_HAL_Driver/Src/stm32l4xx_hal_adc.o
 .text.LL_ADC_EnableInternalRegulator
                0x0000000008002ae8       0x28 Drivers/STM32L4xx_HAL_Driver/Src/stm32l4xx_hal_adc.o
 .text.LL_ADC_IsInternalRegulatorEnabled
                0x0000000008002b10       0x28 Drivers/STM32L4xx_HAL_Driver/Src/stm32l4xx_hal_adc.o
 .text.LL_ADC_Enable
                0x0000000008002b38       0x28 Drivers/STM32L4xx_HAL_Driver/Src/stm32l4xx_hal_adc.o
 .text.LL_ADC_IsEnabled
                0x0000000008002b60       0x26 Drivers/STM32L4xx_HAL_Driver/Src/stm32l4xx_hal_adc.o
 .text.LL_ADC_REG_StartConversion
                0x0000000008002b86       0x28 Drivers/STM32L4xx_HAL_Driver/Src/stm32l4xx_hal_adc.o
 .text.LL_ADC_REG_IsConversionOngoing
                0x0000000008002bae       0x26 Drivers/STM32L4xx_HAL_Driver/Src/stm32l4xx_hal_adc.o
 .text.LL_ADC_INJ_IsConversionOngoing
                0x0000000008002bd4       0x26 Drivers/STM32L4xx_HAL_Driver/Src/stm32l4xx_hal_adc.o
 *fill*         0x0000000008002bfa        0x2 
 .text.HAL_ADC_Init
                0x0000000008002bfc      0x2a8 Drivers/STM32L4xx_HAL_Driver/Src/stm32l4xx_hal_adc.o
                0x0000000008002bfc                HAL_ADC_Init
 .text.HAL_ADC_Start_DMA
                0x0000000008002ea4      0x168 Drivers/STM32L4xx_HAL_Driver/Src/stm32l4xx_hal_adc.o
                0x0000000008002ea4                HAL_ADC_Start_DMA
 .text.HAL_ADC_ConvCpltCallback
                0x000000000800300c       0x14 Drivers/STM32L4xx_HAL_Driver/Src/stm32l4xx_hal_adc.o
                0x000000000800300c                HAL_ADC_ConvCpltCallback
 .text.HAL_ADC_ConvHalfCpltCallback
                0x0000000008003020       0x14 Drivers/STM32L4xx_HAL_Driver/Src/stm32l4xx_hal_adc.o
                0x0000000008003020                HAL_ADC_ConvHalfCpltCallback
 .text.HAL_ADC_ErrorCallback
                0x0000000008003034       0x14 Drivers/STM32L4xx_HAL_Driver/Src/stm32l4xx_hal_adc.o
                0x0000000008003034                HAL_ADC_ErrorCallback
 .text.HAL_ADC_ConfigChannel
                0x0000000008003048      0x6c8 Drivers/STM32L4xx_HAL_Driver/Src/stm32l4xx_hal_adc.o
                0x0000000008003048                HAL_ADC_ConfigChannel
 .text.ADC_Enable
                0x0000000008003710       0xb4 Drivers/STM32L4xx_HAL_Driver/Src/stm32l4xx_hal_adc.o
                0x0000000008003710                ADC_Enable
 .text.ADC_DMAConvCplt
                0x00000000080037c4       0xd8 Drivers/STM32L4xx_HAL_Driver/Src/stm32l4xx_hal_adc.o
                0x00000000080037c4                ADC_DMAConvCplt
 .text.ADC_DMAHalfConvCplt
                0x000000000800389c       0x1c Drivers/STM32L4xx_HAL_Driver/Src/stm32l4xx_hal_adc.o
                0x000000000800389c                ADC_DMAHalfConvCplt
 .text.ADC_DMAError
                0x00000000080038b8       0x34 Drivers/STM32L4xx_HAL_Driver/Src/stm32l4xx_hal_adc.o
                0x00000000080038b8                ADC_DMAError
 .text.LL_ADC_IsEnabled
                0x00000000080038ec       0x26 Drivers/STM32L4xx_HAL_Driver/Src/stm32l4xx_hal_adc_ex.o
 .text.LL_ADC_REG_IsConversionOngoing
                0x0000000008003912       0x26 Drivers/STM32L4xx_HAL_Driver/Src/stm32l4xx_hal_adc_ex.o
 .text.HAL_ADCEx_MultiModeConfigChannel
                0x0000000008003938      0x158 Drivers/STM32L4xx_HAL_Driver/Src/stm32l4xx_hal_adc_ex.o
                0x0000000008003938                HAL_ADCEx_MultiModeConfigChannel
 .text.__NVIC_SetPriorityGrouping
                0x0000000008003a90       0x48 Drivers/STM32L4xx_HAL_Driver/Src/stm32l4xx_hal_cortex.o
 .text.__NVIC_GetPriorityGrouping
                0x0000000008003ad8       0x1c Drivers/STM32L4xx_HAL_Driver/Src/stm32l4xx_hal_cortex.o
 .text.__NVIC_EnableIRQ
                0x0000000008003af4       0x3c Drivers/STM32L4xx_HAL_Driver/Src/stm32l4xx_hal_cortex.o
 .text.__NVIC_SetPriority
                0x0000000008003b30       0x54 Drivers/STM32L4xx_HAL_Driver/Src/stm32l4xx_hal_cortex.o
 .text.NVIC_EncodePriority
                0x0000000008003b84       0x66 Drivers/STM32L4xx_HAL_Driver/Src/stm32l4xx_hal_cortex.o
 *fill*         0x0000000008003bea        0x2 
 .text.SysTick_Config
                0x0000000008003bec       0x44 Drivers/STM32L4xx_HAL_Driver/Src/stm32l4xx_hal_cortex.o
 .text.HAL_NVIC_SetPriorityGrouping
                0x0000000008003c30       0x16 Drivers/STM32L4xx_HAL_Driver/Src/stm32l4xx_hal_cortex.o
                0x0000000008003c30                HAL_NVIC_SetPriorityGrouping
 .text.HAL_NVIC_SetPriority
                0x0000000008003c46       0x38 Drivers/STM32L4xx_HAL_Driver/Src/stm32l4xx_hal_cortex.o
                0x0000000008003c46                HAL_NVIC_SetPriority
 .text.HAL_NVIC_EnableIRQ
                0x0000000008003c7e       0x1c Drivers/STM32L4xx_HAL_Driver/Src/stm32l4xx_hal_cortex.o
                0x0000000008003c7e                HAL_NVIC_EnableIRQ
 .text.HAL_SYSTICK_Config
                0x0000000008003c9a       0x18 Drivers/STM32L4xx_HAL_Driver/Src/stm32l4xx_hal_cortex.o
                0x0000000008003c9a                HAL_SYSTICK_Config
 .text.HAL_DAC_Init
                0x0000000008003cb2       0x44 Drivers/STM32L4xx_HAL_Driver/Src/stm32l4xx_hal_dac.o
                0x0000000008003cb2                HAL_DAC_Init
 .text.HAL_DAC_Start
                0x0000000008003cf6       0x9a Drivers/STM32L4xx_HAL_Driver/Src/stm32l4xx_hal_dac.o
                0x0000000008003cf6                HAL_DAC_Start
 .text.HAL_DAC_SetValue
                0x0000000008003d90       0x4a Drivers/STM32L4xx_HAL_Driver/Src/stm32l4xx_hal_dac.o
                0x0000000008003d90                HAL_DAC_SetValue
 .text.HAL_DAC_ConfigChannel
                0x0000000008003dda      0x234 Drivers/STM32L4xx_HAL_Driver/Src/stm32l4xx_hal_dac.o
                0x0000000008003dda                HAL_DAC_ConfigChannel
 *fill*         0x000000000800400e        0x2 
 .text.HAL_DMA_Init
                0x0000000008004010      0x170 Drivers/STM32L4xx_HAL_Driver/Src/stm32l4xx_hal_dma.o
                0x0000000008004010                HAL_DMA_Init
 .text.HAL_DMA_Start_IT
                0x0000000008004180       0xc0 Drivers/STM32L4xx_HAL_Driver/Src/stm32l4xx_hal_dma.o
                0x0000000008004180                HAL_DMA_Start_IT
 .text.HAL_DMA_IRQHandler
                0x0000000008004240      0x15e Drivers/STM32L4xx_HAL_Driver/Src/stm32l4xx_hal_dma.o
                0x0000000008004240                HAL_DMA_IRQHandler
 .text.DMA_SetConfig
                0x000000000800439e       0x60 Drivers/STM32L4xx_HAL_Driver/Src/stm32l4xx_hal_dma.o
 *fill*         0x00000000080043fe        0x2 
 .text.HAL_GPIO_Init
                0x0000000008004400      0x350 Drivers/STM32L4xx_HAL_Driver/Src/stm32l4xx_hal_gpio.o
                0x0000000008004400                HAL_GPIO_Init
 .text.HAL_GPIO_WritePin
                0x0000000008004750       0x30 Drivers/STM32L4xx_HAL_Driver/Src/stm32l4xx_hal_gpio.o
                0x0000000008004750                HAL_GPIO_WritePin
 .text.HAL_PWREx_GetVoltageRange
                0x0000000008004780       0x1c Drivers/STM32L4xx_HAL_Driver/Src/stm32l4xx_hal_pwr_ex.o
                0x0000000008004780                HAL_PWREx_GetVoltageRange
 .text.HAL_PWREx_ControlVoltageScaling
                0x000000000800479c       0xac Drivers/STM32L4xx_HAL_Driver/Src/stm32l4xx_hal_pwr_ex.o
                0x000000000800479c                HAL_PWREx_ControlVoltageScaling
 .text.HAL_RCC_OscConfig
                0x0000000008004848      0x7cc Drivers/STM32L4xx_HAL_Driver/Src/stm32l4xx_hal_rcc.o
                0x0000000008004848                HAL_RCC_OscConfig
 .text.HAL_RCC_ClockConfig
                0x0000000008005014      0x1c4 Drivers/STM32L4xx_HAL_Driver/Src/stm32l4xx_hal_rcc.o
                0x0000000008005014                HAL_RCC_ClockConfig
 .text.HAL_RCC_GetSysClockFreq
                0x00000000080051d8      0x114 Drivers/STM32L4xx_HAL_Driver/Src/stm32l4xx_hal_rcc.o
                0x00000000080051d8                HAL_RCC_GetSysClockFreq
 .text.HAL_RCC_GetHCLKFreq
                0x00000000080052ec       0x18 Drivers/STM32L4xx_HAL_Driver/Src/stm32l4xx_hal_rcc.o
                0x00000000080052ec                HAL_RCC_GetHCLKFreq
 .text.HAL_RCC_GetPCLK1Freq
                0x0000000008005304       0x2c Drivers/STM32L4xx_HAL_Driver/Src/stm32l4xx_hal_rcc.o
                0x0000000008005304                HAL_RCC_GetPCLK1Freq
 .text.HAL_RCC_GetPCLK2Freq
                0x0000000008005330       0x2c Drivers/STM32L4xx_HAL_Driver/Src/stm32l4xx_hal_rcc.o
                0x0000000008005330                HAL_RCC_GetPCLK2Freq
 .text.RCC_SetFlashLatencyFromMSIRange
                0x000000000800535c       0xc0 Drivers/STM32L4xx_HAL_Driver/Src/stm32l4xx_hal_rcc.o
 .text.HAL_RCCEx_PeriphCLKConfig
                0x000000000800541c      0x5cc Drivers/STM32L4xx_HAL_Driver/Src/stm32l4xx_hal_rcc_ex.o
                0x000000000800541c                HAL_RCCEx_PeriphCLKConfig
 .text.RCCEx_PLLSAI1_Config
                0x00000000080059e8      0x1e0 Drivers/STM32L4xx_HAL_Driver/Src/stm32l4xx_hal_rcc_ex.o
 .text.RCCEx_PLLSAI2_Config
                0x0000000008005bc8      0x1b4 Drivers/STM32L4xx_HAL_Driver/Src/stm32l4xx_hal_rcc_ex.o
 .text.HAL_TIM_Base_Init
                0x0000000008005d7c       0x56 Drivers/STM32L4xx_HAL_Driver/Src/stm32l4xx_hal_tim.o
                0x0000000008005d7c                HAL_TIM_Base_Init
 *fill*         0x0000000008005dd2        0x2 
 .text.HAL_TIM_Base_Start_IT
                0x0000000008005dd4       0x54 Drivers/STM32L4xx_HAL_Driver/Src/stm32l4xx_hal_tim.o
                0x0000000008005dd4                HAL_TIM_Base_Start_IT
 .text.HAL_TIM_PWM_Init
                0x0000000008005e28       0x56 Drivers/STM32L4xx_HAL_Driver/Src/stm32l4xx_hal_tim.o
                0x0000000008005e28                HAL_TIM_PWM_Init
 *fill*         0x0000000008005e7e        0x2 
 .text.HAL_TIM_PWM_Start
                0x0000000008005e80       0xb0 Drivers/STM32L4xx_HAL_Driver/Src/stm32l4xx_hal_tim.o
                0x0000000008005e80                HAL_TIM_PWM_Start
 .text.HAL_TIM_IRQHandler
                0x0000000008005f30      0x23e Drivers/STM32L4xx_HAL_Driver/Src/stm32l4xx_hal_tim.o
                0x0000000008005f30                HAL_TIM_IRQHandler
 *fill*         0x000000000800616e        0x2 
 .text.HAL_TIM_PWM_ConfigChannel
                0x0000000008006170      0x230 Drivers/STM32L4xx_HAL_Driver/Src/stm32l4xx_hal_tim.o
                0x0000000008006170                HAL_TIM_PWM_ConfigChannel
 .text.HAL_TIM_ConfigClockSource
                0x00000000080063a0      0x172 Drivers/STM32L4xx_HAL_Driver/Src/stm32l4xx_hal_tim.o
                0x00000000080063a0                HAL_TIM_ConfigClockSource
 .text.HAL_TIM_OC_DelayElapsedCallback
                0x0000000008006512       0x14 Drivers/STM32L4xx_HAL_Driver/Src/stm32l4xx_hal_tim.o
                0x0000000008006512                HAL_TIM_OC_DelayElapsedCallback
 .text.HAL_TIM_IC_CaptureCallback
                0x0000000008006526       0x14 Drivers/STM32L4xx_HAL_Driver/Src/stm32l4xx_hal_tim.o
                0x0000000008006526                HAL_TIM_IC_CaptureCallback
 .text.HAL_TIM_PWM_PulseFinishedCallback
                0x000000000800653a       0x14 Drivers/STM32L4xx_HAL_Driver/Src/stm32l4xx_hal_tim.o
                0x000000000800653a                HAL_TIM_PWM_PulseFinishedCallback
 .text.HAL_TIM_TriggerCallback
                0x000000000800654e       0x14 Drivers/STM32L4xx_HAL_Driver/Src/stm32l4xx_hal_tim.o
                0x000000000800654e                HAL_TIM_TriggerCallback
 *fill*         0x0000000008006562        0x2 
 .text.TIM_Base_SetConfig
                0x0000000008006564      0x134 Drivers/STM32L4xx_HAL_Driver/Src/stm32l4xx_hal_tim.o
                0x0000000008006564                TIM_Base_SetConfig
 .text.TIM_OC1_SetConfig
                0x0000000008006698      0x120 Drivers/STM32L4xx_HAL_Driver/Src/stm32l4xx_hal_tim.o
 .text.TIM_OC2_SetConfig
                0x00000000080067b8      0x114 Drivers/STM32L4xx_HAL_Driver/Src/stm32l4xx_hal_tim.o
                0x00000000080067b8                TIM_OC2_SetConfig
 .text.TIM_OC3_SetConfig
                0x00000000080068cc      0x110 Drivers/STM32L4xx_HAL_Driver/Src/stm32l4xx_hal_tim.o
 .text.TIM_OC4_SetConfig
                0x00000000080069dc       0xd4 Drivers/STM32L4xx_HAL_Driver/Src/stm32l4xx_hal_tim.o
 .text.TIM_OC5_SetConfig
                0x0000000008006ab0       0xc8 Drivers/STM32L4xx_HAL_Driver/Src/stm32l4xx_hal_tim.o
 .text.TIM_OC6_SetConfig
                0x0000000008006b78       0xcc Drivers/STM32L4xx_HAL_Driver/Src/stm32l4xx_hal_tim.o
 .text.TIM_TI1_ConfigInputStage
                0x0000000008006c44       0x5e Drivers/STM32L4xx_HAL_Driver/Src/stm32l4xx_hal_tim.o
 .text.TIM_TI2_ConfigInputStage
                0x0000000008006ca2       0x60 Drivers/STM32L4xx_HAL_Driver/Src/stm32l4xx_hal_tim.o
 .text.TIM_ITRx_SetConfig
                0x0000000008006d02       0x36 Drivers/STM32L4xx_HAL_Driver/Src/stm32l4xx_hal_tim.o
 .text.TIM_ETR_SetConfig
                0x0000000008006d38       0x40 Drivers/STM32L4xx_HAL_Driver/Src/stm32l4xx_hal_tim.o
                0x0000000008006d38                TIM_ETR_SetConfig
 .text.TIM_CCxChannelCmd
                0x0000000008006d78       0x4a Drivers/STM32L4xx_HAL_Driver/Src/stm32l4xx_hal_tim.o
                0x0000000008006d78                TIM_CCxChannelCmd
 *fill*         0x0000000008006dc2        0x2 
 .text.HAL_TIMEx_MasterConfigSynchronization
                0x0000000008006dc4      0x110 Drivers/STM32L4xx_HAL_Driver/Src/stm32l4xx_hal_tim_ex.o
                0x0000000008006dc4                HAL_TIMEx_MasterConfigSynchronization
 .text.HAL_TIMEx_CommutCallback
                0x0000000008006ed4       0x14 Drivers/STM32L4xx_HAL_Driver/Src/stm32l4xx_hal_tim_ex.o
                0x0000000008006ed4                HAL_TIMEx_CommutCallback
 .text.HAL_TIMEx_BreakCallback
                0x0000000008006ee8       0x14 Drivers/STM32L4xx_HAL_Driver/Src/stm32l4xx_hal_tim_ex.o
                0x0000000008006ee8                HAL_TIMEx_BreakCallback
 .text.HAL_TIMEx_Break2Callback
                0x0000000008006efc       0x14 Drivers/STM32L4xx_HAL_Driver/Src/stm32l4xx_hal_tim_ex.o
                0x0000000008006efc                HAL_TIMEx_Break2Callback
 .text.HAL_UART_Init
                0x0000000008006f10       0x9c Drivers/STM32L4xx_HAL_Driver/Src/stm32l4xx_hal_uart.o
                0x0000000008006f10                HAL_UART_Init
 .text.UART_SetConfig
                0x0000000008006fac      0x6e4 Drivers/STM32L4xx_HAL_Driver/Src/stm32l4xx_hal_uart.o
                0x0000000008006fac                UART_SetConfig
 .text.UART_AdvFeatureConfig
                0x0000000008007690      0x144 Drivers/STM32L4xx_HAL_Driver/Src/stm32l4xx_hal_uart.o
                0x0000000008007690                UART_AdvFeatureConfig
 .text.UART_CheckIdleState
                0x00000000080077d4       0x8a Drivers/STM32L4xx_HAL_Driver/Src/stm32l4xx_hal_uart.o
                0x00000000080077d4                UART_CheckIdleState
 .text.UART_WaitOnFlagUntilTimeout
                0x000000000800785e       0xf6 Drivers/STM32L4xx_HAL_Driver/Src/stm32l4xx_hal_uart.o
                0x000000000800785e                UART_WaitOnFlagUntilTimeout
 .text.__libc_init_array
                0x0000000008007954       0x48 c:/st/stm32cubeide_1.3.0/stm32cubeide/plugins/com.st.stm32cube.ide.mcu.externaltools.gnu-tools-for-stm32.7-2018-q2-update.win32_1.0.0.201904181610/tools/bin/../lib/gcc/arm-none-eabi/7.3.1/../../../../arm-none-eabi/lib/thumb/v7e-m/fpv4-sp/hard\libc_nano.a(lib_a-init.o)
                0x0000000008007954                __libc_init_array
 .text.memset   0x000000000800799c       0x10 c:/st/stm32cubeide_1.3.0/stm32cubeide/plugins/com.st.stm32cube.ide.mcu.externaltools.gnu-tools-for-stm32.7-2018-q2-update.win32_1.0.0.201904181610/tools/bin/../lib/gcc/arm-none-eabi/7.3.1/../../../../arm-none-eabi/lib/thumb/v7e-m/fpv4-sp/hard\libc_nano.a(lib_a-memset.o)
                0x000000000800799c                memset
 *(.glue_7)
 .glue_7        0x00000000080079ac        0x0 linker stubs
 *(.glue_7t)
 .glue_7t       0x00000000080079ac        0x0 linker stubs
 *(.eh_frame)
 .eh_frame      0x00000000080079ac        0x0 c:/st/stm32cubeide_1.3.0/stm32cubeide/plugins/com.st.stm32cube.ide.mcu.externaltools.gnu-tools-for-stm32.7-2018-q2-update.win32_1.0.0.201904181610/tools/bin/../lib/gcc/arm-none-eabi/7.3.1/thumb/v7e-m/fpv4-sp/hard/crtbegin.o
 *(.init)
 .init          0x00000000080079ac        0x4 c:/st/stm32cubeide_1.3.0/stm32cubeide/plugins/com.st.stm32cube.ide.mcu.externaltools.gnu-tools-for-stm32.7-2018-q2-update.win32_1.0.0.201904181610/tools/bin/../lib/gcc/arm-none-eabi/7.3.1/thumb/v7e-m/fpv4-sp/hard/crti.o
                0x00000000080079ac                _init
 .init          0x00000000080079b0        0x8 c:/st/stm32cubeide_1.3.0/stm32cubeide/plugins/com.st.stm32cube.ide.mcu.externaltools.gnu-tools-for-stm32.7-2018-q2-update.win32_1.0.0.201904181610/tools/bin/../lib/gcc/arm-none-eabi/7.3.1/thumb/v7e-m/fpv4-sp/hard/crtn.o
 *(.fini)
 .fini          0x00000000080079b8        0x4 c:/st/stm32cubeide_1.3.0/stm32cubeide/plugins/com.st.stm32cube.ide.mcu.externaltools.gnu-tools-for-stm32.7-2018-q2-update.win32_1.0.0.201904181610/tools/bin/../lib/gcc/arm-none-eabi/7.3.1/thumb/v7e-m/fpv4-sp/hard/crti.o
                0x00000000080079b8                _fini
 .fini          0x00000000080079bc        0x8 c:/st/stm32cubeide_1.3.0/stm32cubeide/plugins/com.st.stm32cube.ide.mcu.externaltools.gnu-tools-for-stm32.7-2018-q2-update.win32_1.0.0.201904181610/tools/bin/../lib/gcc/arm-none-eabi/7.3.1/thumb/v7e-m/fpv4-sp/hard/crtn.o
                0x00000000080079c4                . = ALIGN (0x4)
                0x00000000080079c4                _etext = .

.vfp11_veneer   0x00000000080079c4        0x0
 .vfp11_veneer  0x00000000080079c4        0x0 linker stubs

.v4_bx          0x00000000080079c4        0x0
 .v4_bx         0x00000000080079c4        0x0 linker stubs

.iplt           0x00000000080079c4        0x0
 .iplt          0x00000000080079c4        0x0 c:/st/stm32cubeide_1.3.0/stm32cubeide/plugins/com.st.stm32cube.ide.mcu.externaltools.gnu-tools-for-stm32.7-2018-q2-update.win32_1.0.0.201904181610/tools/bin/../lib/gcc/arm-none-eabi/7.3.1/thumb/v7e-m/fpv4-sp/hard/crtbegin.o

.rodata         0x00000000080079c4       0x48
                0x00000000080079c4                . = ALIGN (0x4)
 *(.rodata)
 *(.rodata*)
 .rodata.AHBPrescTable
                0x00000000080079c4       0x10 Core/Src/system_stm32l4xx.o
                0x00000000080079c4                AHBPrescTable
 .rodata.APBPrescTable
                0x00000000080079d4        0x8 Core/Src/system_stm32l4xx.o
                0x00000000080079d4                APBPrescTable
 .rodata.MSIRangeTable
                0x00000000080079dc       0x30 Core/Src/system_stm32l4xx.o
                0x00000000080079dc                MSIRangeTable
                0x0000000008007a0c                . = ALIGN (0x4)

.ARM.extab      0x0000000008007a0c        0x0
                0x0000000008007a0c                . = ALIGN (0x4)
 *(.ARM.extab* .gnu.linkonce.armextab.*)
                0x0000000008007a0c                . = ALIGN (0x4)

.ARM            0x0000000008007a0c        0x8
                0x0000000008007a0c                . = ALIGN (0x4)
                0x0000000008007a0c                __exidx_start = .
 *(.ARM.exidx*)
 .ARM.exidx     0x0000000008007a0c        0x8 c:/st/stm32cubeide_1.3.0/stm32cubeide/plugins/com.st.stm32cube.ide.mcu.externaltools.gnu-tools-for-stm32.7-2018-q2-update.win32_1.0.0.201904181610/tools/bin/../lib/gcc/arm-none-eabi/7.3.1/thumb/v7e-m/fpv4-sp/hard\libgcc.a(_udivmoddi4.o)
                0x0000000008007a14                __exidx_end = .
                0x0000000008007a14                . = ALIGN (0x4)

.rel.dyn        0x0000000008007a14        0x0
 .rel.iplt      0x0000000008007a14        0x0 c:/st/stm32cubeide_1.3.0/stm32cubeide/plugins/com.st.stm32cube.ide.mcu.externaltools.gnu-tools-for-stm32.7-2018-q2-update.win32_1.0.0.201904181610/tools/bin/../lib/gcc/arm-none-eabi/7.3.1/thumb/v7e-m/fpv4-sp/hard/crtbegin.o

.preinit_array  0x0000000008007a14        0x0
                0x0000000008007a14                . = ALIGN (0x4)
                0x0000000008007a14                PROVIDE (__preinit_array_start = .)
 *(.preinit_array*)
                0x0000000008007a14                PROVIDE (__preinit_array_end = .)
                0x0000000008007a14                . = ALIGN (0x4)

.init_array     0x0000000008007a14        0x4
                0x0000000008007a14                . = ALIGN (0x4)
                0x0000000008007a14                PROVIDE (__init_array_start = .)
 *(SORT_BY_NAME(.init_array.*))
 *(.init_array*)
 .init_array    0x0000000008007a14        0x4 c:/st/stm32cubeide_1.3.0/stm32cubeide/plugins/com.st.stm32cube.ide.mcu.externaltools.gnu-tools-for-stm32.7-2018-q2-update.win32_1.0.0.201904181610/tools/bin/../lib/gcc/arm-none-eabi/7.3.1/thumb/v7e-m/fpv4-sp/hard/crtbegin.o
                0x0000000008007a18                PROVIDE (__init_array_end = .)
                0x0000000008007a18                . = ALIGN (0x4)

.fini_array     0x0000000008007a18        0x4
                0x0000000008007a18                . = ALIGN (0x4)
                [!provide]                        PROVIDE (__fini_array_start = .)
 *(SORT_BY_NAME(.fini_array.*))
 *(.fini_array*)
 .fini_array    0x0000000008007a18        0x4 c:/st/stm32cubeide_1.3.0/stm32cubeide/plugins/com.st.stm32cube.ide.mcu.externaltools.gnu-tools-for-stm32.7-2018-q2-update.win32_1.0.0.201904181610/tools/bin/../lib/gcc/arm-none-eabi/7.3.1/thumb/v7e-m/fpv4-sp/hard/crtbegin.o
                [!provide]                        PROVIDE (__fini_array_end = .)
                0x0000000008007a1c                . = ALIGN (0x4)
                0x0000000008007a1c                _sidata = LOADADDR (.data)

.data           0x0000000020000000        0xc load address 0x0000000008007a1c
                0x0000000020000000                . = ALIGN (0x4)
                0x0000000020000000                _sdata = .
 *(.data)
 *(.data*)
 .data.SystemCoreClock
                0x0000000020000000        0x4 Core/Src/system_stm32l4xx.o
                0x0000000020000000                SystemCoreClock
 .data.uwTickPrio
                0x0000000020000004        0x4 Drivers/STM32L4xx_HAL_Driver/Src/stm32l4xx_hal.o
                0x0000000020000004                uwTickPrio
 .data.uwTickFreq
                0x0000000020000008        0x4 Drivers/STM32L4xx_HAL_Driver/Src/stm32l4xx_hal.o
                0x0000000020000008                uwTickFreq
                0x000000002000000c                . = ALIGN (0x4)
                0x000000002000000c                _edata = .

.igot.plt       0x000000002000000c        0x0 load address 0x0000000008007a28
 .igot.plt      0x000000002000000c        0x0 c:/st/stm32cubeide_1.3.0/stm32cubeide/plugins/com.st.stm32cube.ide.mcu.externaltools.gnu-tools-for-stm32.7-2018-q2-update.win32_1.0.0.201904181610/tools/bin/../lib/gcc/arm-none-eabi/7.3.1/thumb/v7e-m/fpv4-sp/hard/crtbegin.o
                0x000000002000000c                . = ALIGN (0x4)

.bss            0x000000002000000c      0x2d0 load address 0x0000000008007a28
                0x000000002000000c                _sbss = .
                0x000000002000000c                __bss_start__ = _sbss
 *(.bss)
 .bss           0x000000002000000c       0x1c c:/st/stm32cubeide_1.3.0/stm32cubeide/plugins/com.st.stm32cube.ide.mcu.externaltools.gnu-tools-for-stm32.7-2018-q2-update.win32_1.0.0.201904181610/tools/bin/../lib/gcc/arm-none-eabi/7.3.1/thumb/v7e-m/fpv4-sp/hard/crtbegin.o
 *(.bss*)
 .bss.u         0x0000000020000028        0x4 Core/Src/main.o
                0x0000000020000028                u
 .bss.iter      0x000000002000002c        0x2 Core/Src/main.o
                0x000000002000002c                iter
 *fill*         0x000000002000002e        0x2 
 .bss.x         0x0000000020000030        0x8 Core/Src/main.o
                0x0000000020000030                x
 .bss.y         0x0000000020000038        0x8 Core/Src/main.o
                0x0000000020000038                y
 .bss.x_est     0x0000000020000040        0x8 Core/Src/main.o
                0x0000000020000040                x_est
 .bss.HAL_RCC_ADC_CLK_ENABLED
                0x0000000020000048        0x4 Core/Src/stm32l4xx_hal_msp.o
 *(COMMON)
 COMMON         0x000000002000004c      0x28a Core/Src/main.o
                0x000000002000004c                hdac1
                0x0000000020000060                hadc2
                0x00000000200000c4                htim3
                0x0000000020000104                adc_buf1
                0x0000000020000114                hadc1
                0x0000000020000178                hdma_adc1
                0x00000000200001c0                htim2
                0x0000000020000200                huart2
                0x0000000020000280                hdma_adc2
                0x00000000200002c8                adc_buf0
 *fill*         0x00000000200002d6        0x2 
 COMMON         0x00000000200002d8        0x4 Drivers/STM32L4xx_HAL_Driver/Src/stm32l4xx_hal.o
                0x00000000200002d8                uwTick
                0x00000000200002dc                . = ALIGN (0x4)
                0x00000000200002dc                _ebss = .
                0x00000000200002dc                __bss_end__ = _ebss

._user_heap_stack
                0x00000000200002dc      0x604 load address 0x0000000008007a28
                0x00000000200002e0                . = ALIGN (0x8)
 *fill*         0x00000000200002dc        0x4 
                0x00000000200002e0                PROVIDE (end = .)
                [!provide]                        PROVIDE (_end = .)
                0x00000000200004e0                . = (. + _Min_Heap_Size)
 *fill*         0x00000000200002e0      0x200 
                0x00000000200008e0                . = (. + _Min_Stack_Size)
 *fill*         0x00000000200004e0      0x400 
                0x00000000200008e0                . = ALIGN (0x8)

/DISCARD/
 libc.a(*)
 libm.a(*)
 libgcc.a(*)

.ARM.attributes
                0x0000000000000000       0x30
 *(.ARM.attributes)
 .ARM.attributes
                0x0000000000000000       0x22 c:/st/stm32cubeide_1.3.0/stm32cubeide/plugins/com.st.stm32cube.ide.mcu.externaltools.gnu-tools-for-stm32.7-2018-q2-update.win32_1.0.0.201904181610/tools/bin/../lib/gcc/arm-none-eabi/7.3.1/thumb/v7e-m/fpv4-sp/hard/crti.o
 .ARM.attributes
                0x0000000000000022       0x34 c:/st/stm32cubeide_1.3.0/stm32cubeide/plugins/com.st.stm32cube.ide.mcu.externaltools.gnu-tools-for-stm32.7-2018-q2-update.win32_1.0.0.201904181610/tools/bin/../lib/gcc/arm-none-eabi/7.3.1/thumb/v7e-m/fpv4-sp/hard/crtbegin.o
 .ARM.attributes
                0x0000000000000056       0x39 Core/Src/main.o
 .ARM.attributes
                0x000000000000008f       0x39 Core/Src/stm32l4xx_hal_msp.o
 .ARM.attributes
                0x00000000000000c8       0x39 Core/Src/stm32l4xx_it.o
 .ARM.attributes
                0x0000000000000101       0x39 Core/Src/system_stm32l4xx.o
 .ARM.attributes
                0x000000000000013a       0x21 Core/Startup/startup_stm32l476rgtx.o
 .ARM.attributes
                0x000000000000015b       0x39 Drivers/STM32L4xx_HAL_Driver/Src/stm32l4xx_hal.o
 .ARM.attributes
                0x0000000000000194       0x39 Drivers/STM32L4xx_HAL_Driver/Src/stm32l4xx_hal_adc.o
 .ARM.attributes
                0x00000000000001cd       0x39 Drivers/STM32L4xx_HAL_Driver/Src/stm32l4xx_hal_adc_ex.o
 .ARM.attributes
                0x0000000000000206       0x39 Drivers/STM32L4xx_HAL_Driver/Src/stm32l4xx_hal_cortex.o
 .ARM.attributes
                0x000000000000023f       0x39 Drivers/STM32L4xx_HAL_Driver/Src/stm32l4xx_hal_dac.o
 .ARM.attributes
                0x0000000000000278       0x39 Drivers/STM32L4xx_HAL_Driver/Src/stm32l4xx_hal_dma.o
 .ARM.attributes
                0x00000000000002b1       0x39 Drivers/STM32L4xx_HAL_Driver/Src/stm32l4xx_hal_gpio.o
 .ARM.attributes
                0x00000000000002ea       0x39 Drivers/STM32L4xx_HAL_Driver/Src/stm32l4xx_hal_pwr_ex.o
 .ARM.attributes
                0x0000000000000323       0x39 Drivers/STM32L4xx_HAL_Driver/Src/stm32l4xx_hal_rcc.o
 .ARM.attributes
                0x000000000000035c       0x39 Drivers/STM32L4xx_HAL_Driver/Src/stm32l4xx_hal_rcc_ex.o
 .ARM.attributes
                0x0000000000000395       0x39 Drivers/STM32L4xx_HAL_Driver/Src/stm32l4xx_hal_tim.o
 .ARM.attributes
                0x00000000000003ce       0x39 Drivers/STM32L4xx_HAL_Driver/Src/stm32l4xx_hal_tim_ex.o
 .ARM.attributes
                0x0000000000000407       0x39 Drivers/STM32L4xx_HAL_Driver/Src/stm32l4xx_hal_uart.o
 .ARM.attributes
                0x0000000000000440       0x34 c:/st/stm32cubeide_1.3.0/stm32cubeide/plugins/com.st.stm32cube.ide.mcu.externaltools.gnu-tools-for-stm32.7-2018-q2-update.win32_1.0.0.201904181610/tools/bin/../lib/gcc/arm-none-eabi/7.3.1/../../../../arm-none-eabi/lib/thumb/v7e-m/fpv4-sp/hard\libc_nano.a(lib_a-init.o)
 .ARM.attributes
                0x0000000000000474       0x34 c:/st/stm32cubeide_1.3.0/stm32cubeide/plugins/com.st.stm32cube.ide.mcu.externaltools.gnu-tools-for-stm32.7-2018-q2-update.win32_1.0.0.201904181610/tools/bin/../lib/gcc/arm-none-eabi/7.3.1/../../../../arm-none-eabi/lib/thumb/v7e-m/fpv4-sp/hard\libc_nano.a(lib_a-memset.o)
 .ARM.attributes
                0x00000000000004a8       0x22 c:/st/stm32cubeide_1.3.0/stm32cubeide/plugins/com.st.stm32cube.ide.mcu.externaltools.gnu-tools-for-stm32.7-2018-q2-update.win32_1.0.0.201904181610/tools/bin/../lib/gcc/arm-none-eabi/7.3.1/thumb/v7e-m/fpv4-sp/hard\libgcc.a(_arm_addsubdf3.o)
 .ARM.attributes
                0x00000000000004ca       0x22 c:/st/stm32cubeide_1.3.0/stm32cubeide/plugins/com.st.stm32cube.ide.mcu.externaltools.gnu-tools-for-stm32.7-2018-q2-update.win32_1.0.0.201904181610/tools/bin/../lib/gcc/arm-none-eabi/7.3.1/thumb/v7e-m/fpv4-sp/hard\libgcc.a(_arm_muldivdf3.o)
 .ARM.attributes
                0x00000000000004ec       0x22 c:/st/stm32cubeide_1.3.0/stm32cubeide/plugins/com.st.stm32cube.ide.mcu.externaltools.gnu-tools-for-stm32.7-2018-q2-update.win32_1.0.0.201904181610/tools/bin/../lib/gcc/arm-none-eabi/7.3.1/thumb/v7e-m/fpv4-sp/hard\libgcc.a(_arm_fixdfsi.o)
 .ARM.attributes
                0x000000000000050e       0x22 c:/st/stm32cubeide_1.3.0/stm32cubeide/plugins/com.st.stm32cube.ide.mcu.externaltools.gnu-tools-for-stm32.7-2018-q2-update.win32_1.0.0.201904181610/tools/bin/../lib/gcc/arm-none-eabi/7.3.1/thumb/v7e-m/fpv4-sp/hard\libgcc.a(_aeabi_uldivmod.o)
 .ARM.attributes
                0x0000000000000530       0x34 c:/st/stm32cubeide_1.3.0/stm32cubeide/plugins/com.st.stm32cube.ide.mcu.externaltools.gnu-tools-for-stm32.7-2018-q2-update.win32_1.0.0.201904181610/tools/bin/../lib/gcc/arm-none-eabi/7.3.1/thumb/v7e-m/fpv4-sp/hard\libgcc.a(_udivmoddi4.o)
 .ARM.attributes
                0x0000000000000564       0x22 c:/st/stm32cubeide_1.3.0/stm32cubeide/plugins/com.st.stm32cube.ide.mcu.externaltools.gnu-tools-for-stm32.7-2018-q2-update.win32_1.0.0.201904181610/tools/bin/../lib/gcc/arm-none-eabi/7.3.1/thumb/v7e-m/fpv4-sp/hard\libgcc.a(_dvmd_tls.o)
 .ARM.attributes
                0x0000000000000586       0x22 c:/st/stm32cubeide_1.3.0/stm32cubeide/plugins/com.st.stm32cube.ide.mcu.externaltools.gnu-tools-for-stm32.7-2018-q2-update.win32_1.0.0.201904181610/tools/bin/../lib/gcc/arm-none-eabi/7.3.1/thumb/v7e-m/fpv4-sp/hard/crtn.o
OUTPUT(nn.elf elf32-littlearm)

.debug_info     0x0000000000000000    0x13c8a
 .debug_info    0x0000000000000000     0x2ae5 Core/Src/main.o
 .debug_info    0x0000000000002ae5     0x189f Core/Src/stm32l4xx_hal_msp.o
 .debug_info    0x0000000000004384      0x823 Core/Src/stm32l4xx_it.o
 .debug_info    0x0000000000004ba7      0x6f6 Core/Src/system_stm32l4xx.o
 .debug_info    0x000000000000529d       0x22 Core/Startup/startup_stm32l476rgtx.o
 .debug_info    0x00000000000052bf      0xcee Drivers/STM32L4xx_HAL_Driver/Src/stm32l4xx_hal.o
 .debug_info    0x0000000000005fad     0x1c49 Drivers/STM32L4xx_HAL_Driver/Src/stm32l4xx_hal_adc.o
 .debug_info    0x0000000000007bf6     0x1a00 Drivers/STM32L4xx_HAL_Driver/Src/stm32l4xx_hal_adc_ex.o
 .debug_info    0x00000000000095f6      0xf3c Drivers/STM32L4xx_HAL_Driver/Src/stm32l4xx_hal_cortex.o
 .debug_info    0x000000000000a532      0xbae Drivers/STM32L4xx_HAL_Driver/Src/stm32l4xx_hal_dac.o
 .debug_info    0x000000000000b0e0      0x8c1 Drivers/STM32L4xx_HAL_Driver/Src/stm32l4xx_hal_dma.o
 .debug_info    0x000000000000b9a1      0x982 Drivers/STM32L4xx_HAL_Driver/Src/stm32l4xx_hal_gpio.o
 .debug_info    0x000000000000c323      0xb04 Drivers/STM32L4xx_HAL_Driver/Src/stm32l4xx_hal_pwr_ex.o
 .debug_info    0x000000000000ce27      0xcfe Drivers/STM32L4xx_HAL_Driver/Src/stm32l4xx_hal_rcc.o
 .debug_info    0x000000000000db25      0xf10 Drivers/STM32L4xx_HAL_Driver/Src/stm32l4xx_hal_rcc_ex.o
 .debug_info    0x000000000000ea35     0x266f Drivers/STM32L4xx_HAL_Driver/Src/stm32l4xx_hal_tim.o
 .debug_info    0x00000000000110a4     0x13d8 Drivers/STM32L4xx_HAL_Driver/Src/stm32l4xx_hal_tim_ex.o
 .debug_info    0x000000000001247c     0x180e Drivers/STM32L4xx_HAL_Driver/Src/stm32l4xx_hal_uart.o

.debug_abbrev   0x0000000000000000     0x2359
 .debug_abbrev  0x0000000000000000      0x2fc Core/Src/main.o
 .debug_abbrev  0x00000000000002fc      0x1f8 Core/Src/stm32l4xx_hal_msp.o
 .debug_abbrev  0x00000000000004f4      0x15a Core/Src/stm32l4xx_it.o
 .debug_abbrev  0x000000000000064e      0x150 Core/Src/system_stm32l4xx.o
 .debug_abbrev  0x000000000000079e       0x12 Core/Startup/startup_stm32l476rgtx.o
 .debug_abbrev  0x00000000000007b0      0x1fb Drivers/STM32L4xx_HAL_Driver/Src/stm32l4xx_hal.o
 .debug_abbrev  0x00000000000009ab      0x24a Drivers/STM32L4xx_HAL_Driver/Src/stm32l4xx_hal_adc.o
 .debug_abbrev  0x0000000000000bf5      0x26a Drivers/STM32L4xx_HAL_Driver/Src/stm32l4xx_hal_adc_ex.o
 .debug_abbrev  0x0000000000000e5f      0x2fa Drivers/STM32L4xx_HAL_Driver/Src/stm32l4xx_hal_cortex.o
 .debug_abbrev  0x0000000000001159      0x1cc Drivers/STM32L4xx_HAL_Driver/Src/stm32l4xx_hal_dac.o
 .debug_abbrev  0x0000000000001325      0x1d9 Drivers/STM32L4xx_HAL_Driver/Src/stm32l4xx_hal_dma.o
 .debug_abbrev  0x00000000000014fe      0x1c0 Drivers/STM32L4xx_HAL_Driver/Src/stm32l4xx_hal_gpio.o
 .debug_abbrev  0x00000000000016be      0x1cb Drivers/STM32L4xx_HAL_Driver/Src/stm32l4xx_hal_pwr_ex.o
 .debug_abbrev  0x0000000000001889      0x245 Drivers/STM32L4xx_HAL_Driver/Src/stm32l4xx_hal_rcc.o
 .debug_abbrev  0x0000000000001ace      0x238 Drivers/STM32L4xx_HAL_Driver/Src/stm32l4xx_hal_rcc_ex.o
 .debug_abbrev  0x0000000000001d06      0x230 Drivers/STM32L4xx_HAL_Driver/Src/stm32l4xx_hal_tim.o
 .debug_abbrev  0x0000000000001f36      0x21e Drivers/STM32L4xx_HAL_Driver/Src/stm32l4xx_hal_tim_ex.o
 .debug_abbrev  0x0000000000002154      0x205 Drivers/STM32L4xx_HAL_Driver/Src/stm32l4xx_hal_uart.o

.debug_aranges  0x0000000000000000     0x1348
 .debug_aranges
                0x0000000000000000       0x98 Core/Src/main.o
 .debug_aranges
                0x0000000000000098       0x78 Core/Src/stm32l4xx_hal_msp.o
 .debug_aranges
                0x0000000000000110       0x78 Core/Src/stm32l4xx_it.o
 .debug_aranges
                0x0000000000000188       0x28 Core/Src/system_stm32l4xx.o
 .debug_aranges
                0x00000000000001b0       0x28 Core/Startup/startup_stm32l476rgtx.o
 .debug_aranges
                0x00000000000001d8      0x130 Drivers/STM32L4xx_HAL_Driver/Src/stm32l4xx_hal.o
 .debug_aranges
                0x0000000000000308      0x220 Drivers/STM32L4xx_HAL_Driver/Src/stm32l4xx_hal_adc.o
 .debug_aranges
                0x0000000000000528      0x1a8 Drivers/STM32L4xx_HAL_Driver/Src/stm32l4xx_hal_adc_ex.o
 .debug_aranges
                0x00000000000006d0      0x118 Drivers/STM32L4xx_HAL_Driver/Src/stm32l4xx_hal_cortex.o
 .debug_aranges
                0x00000000000007e8       0xc0 Drivers/STM32L4xx_HAL_Driver/Src/stm32l4xx_hal_dac.o
 .debug_aranges
                0x00000000000008a8       0x80 Drivers/STM32L4xx_HAL_Driver/Src/stm32l4xx_hal_dma.o
 .debug_aranges
                0x0000000000000928       0x58 Drivers/STM32L4xx_HAL_Driver/Src/stm32l4xx_hal_gpio.o
 .debug_aranges
                0x0000000000000980      0x150 Drivers/STM32L4xx_HAL_Driver/Src/stm32l4xx_hal_pwr_ex.o
 .debug_aranges
                0x0000000000000ad0       0x88 Drivers/STM32L4xx_HAL_Driver/Src/stm32l4xx_hal_rcc.o
 .debug_aranges
                0x0000000000000b58       0xc0 Drivers/STM32L4xx_HAL_Driver/Src/stm32l4xx_hal_rcc_ex.o
 .debug_aranges
                0x0000000000000c18      0x3b8 Drivers/STM32L4xx_HAL_Driver/Src/stm32l4xx_hal_tim.o
 .debug_aranges
                0x0000000000000fd0      0x168 Drivers/STM32L4xx_HAL_Driver/Src/stm32l4xx_hal_tim_ex.o
 .debug_aranges
                0x0000000000001138      0x210 Drivers/STM32L4xx_HAL_Driver/Src/stm32l4xx_hal_uart.o

.debug_ranges   0x0000000000000000     0x1230
 .debug_ranges  0x0000000000000000       0x88 Core/Src/main.o
 .debug_ranges  0x0000000000000088       0x68 Core/Src/stm32l4xx_hal_msp.o
 .debug_ranges  0x00000000000000f0       0x68 Core/Src/stm32l4xx_it.o
 .debug_ranges  0x0000000000000158       0x18 Core/Src/system_stm32l4xx.o
 .debug_ranges  0x0000000000000170       0x20 Core/Startup/startup_stm32l476rgtx.o
 .debug_ranges  0x0000000000000190      0x120 Drivers/STM32L4xx_HAL_Driver/Src/stm32l4xx_hal.o
 .debug_ranges  0x00000000000002b0      0x210 Drivers/STM32L4xx_HAL_Driver/Src/stm32l4xx_hal_adc.o
 .debug_ranges  0x00000000000004c0      0x198 Drivers/STM32L4xx_HAL_Driver/Src/stm32l4xx_hal_adc_ex.o
 .debug_ranges  0x0000000000000658      0x108 Drivers/STM32L4xx_HAL_Driver/Src/stm32l4xx_hal_cortex.o
 .debug_ranges  0x0000000000000760       0xb0 Drivers/STM32L4xx_HAL_Driver/Src/stm32l4xx_hal_dac.o
 .debug_ranges  0x0000000000000810       0x70 Drivers/STM32L4xx_HAL_Driver/Src/stm32l4xx_hal_dma.o
 .debug_ranges  0x0000000000000880       0x48 Drivers/STM32L4xx_HAL_Driver/Src/stm32l4xx_hal_gpio.o
 .debug_ranges  0x00000000000008c8      0x140 Drivers/STM32L4xx_HAL_Driver/Src/stm32l4xx_hal_pwr_ex.o
 .debug_ranges  0x0000000000000a08       0x78 Drivers/STM32L4xx_HAL_Driver/Src/stm32l4xx_hal_rcc.o
 .debug_ranges  0x0000000000000a80       0xb0 Drivers/STM32L4xx_HAL_Driver/Src/stm32l4xx_hal_rcc_ex.o
 .debug_ranges  0x0000000000000b30      0x3a8 Drivers/STM32L4xx_HAL_Driver/Src/stm32l4xx_hal_tim.o
 .debug_ranges  0x0000000000000ed8      0x158 Drivers/STM32L4xx_HAL_Driver/Src/stm32l4xx_hal_tim_ex.o
 .debug_ranges  0x0000000000001030      0x200 Drivers/STM32L4xx_HAL_Driver/Src/stm32l4xx_hal_uart.o

.debug_macro    0x0000000000000000    0x29213
 .debug_macro   0x0000000000000000      0x3e2 Core/Src/main.o
 .debug_macro   0x00000000000003e2      0xa5a Core/Src/main.o
 .debug_macro   0x0000000000000e3c       0xcc Core/Src/main.o
 .debug_macro   0x0000000000000f08       0x2e Core/Src/main.o
 .debug_macro   0x0000000000000f36       0x28 Core/Src/main.o
 .debug_macro   0x0000000000000f5e       0x22 Core/Src/main.o
 .debug_macro   0x0000000000000f80       0x8e Core/Src/main.o
 .debug_macro   0x000000000000100e       0x51 Core/Src/main.o
 .debug_macro   0x000000000000105f       0xef Core/Src/main.o
 .debug_macro   0x000000000000114e       0x6a Core/Src/main.o
 .debug_macro   0x00000000000011b8      0x1df Core/Src/main.o
 .debug_macro   0x0000000000001397       0x1c Core/Src/main.o
 .debug_macro   0x00000000000013b3       0x22 Core/Src/main.o
 .debug_macro   0x00000000000013d5       0xdf Core/Src/main.o
 .debug_macro   0x00000000000014b4     0x102d Core/Src/main.o
 .debug_macro   0x00000000000024e1      0x11f Core/Src/main.o
 .debug_macro   0x0000000000002600    0x1a13d Core/Src/main.o
 .debug_macro   0x000000000001c73d       0x43 Core/Src/main.o
 .debug_macro   0x000000000001c780     0x3890 Core/Src/main.o
 .debug_macro   0x0000000000020010      0x174 Core/Src/main.o
 .debug_macro   0x0000000000020184       0x5c Core/Src/main.o
 .debug_macro   0x00000000000201e0     0x155f Core/Src/main.o
 .debug_macro   0x000000000002173f      0x59e Core/Src/main.o
 .debug_macro   0x0000000000021cdd      0x241 Core/Src/main.o
 .debug_macro   0x0000000000021f1e      0x13d Core/Src/main.o
 .debug_macro   0x000000000002205b      0x18b Core/Src/main.o
 .debug_macro   0x00000000000221e6      0x26b Core/Src/main.o
 .debug_macro   0x0000000000022451      0x23d Core/Src/main.o
 .debug_macro   0x000000000002268e      0xf83 Core/Src/main.o
 .debug_macro   0x0000000000023611      0x632 Core/Src/main.o
 .debug_macro   0x0000000000023c43      0x30c Core/Src/main.o
 .debug_macro   0x0000000000023f4f      0x153 Core/Src/main.o
 .debug_macro   0x00000000000240a2       0xd8 Core/Src/main.o
 .debug_macro   0x000000000002417a      0x37c Core/Src/main.o
 .debug_macro   0x00000000000244f6       0xd6 Core/Src/main.o
 .debug_macro   0x00000000000245cc      0x22c Core/Src/main.o
 .debug_macro   0x00000000000247f8       0x5e Core/Src/main.o
 .debug_macro   0x0000000000024856       0xa5 Core/Src/main.o
 .debug_macro   0x00000000000248fb      0x122 Core/Src/main.o
 .debug_macro   0x0000000000024a1d      0x3e9 Core/Src/main.o
 .debug_macro   0x0000000000024e06      0xa44 Core/Src/main.o
 .debug_macro   0x000000000002584a      0x1e7 Core/Src/main.o
 .debug_macro   0x0000000000025a31      0x59e Core/Src/main.o
 .debug_macro   0x0000000000025fcf       0x44 Core/Src/main.o
 .debug_macro   0x0000000000026013      0x34a Core/Src/main.o
 .debug_macro   0x000000000002635d       0x40 Core/Src/main.o
 .debug_macro   0x000000000002639d       0x46 Core/Src/main.o
 .debug_macro   0x00000000000263e3       0x18 Core/Src/main.o
 .debug_macro   0x00000000000263fb       0x3c Core/Src/main.o
 .debug_macro   0x0000000000026437       0x34 Core/Src/main.o
 .debug_macro   0x000000000002646b       0x52 Core/Src/main.o
 .debug_macro   0x00000000000264bd       0x1f Core/Src/main.o
 .debug_macro   0x00000000000264dc       0x43 Core/Src/main.o
 .debug_macro   0x000000000002651f       0x20 Core/Src/main.o
 .debug_macro   0x000000000002653f      0x1a3 Core/Src/main.o
 .debug_macro   0x00000000000266e2      0x32a Core/Src/main.o
 .debug_macro   0x0000000000026a0c       0x10 Core/Src/main.o
 .debug_macro   0x0000000000026a1c       0x35 Core/Src/main.o
 .debug_macro   0x0000000000026a51       0x20 Core/Src/main.o
 .debug_macro   0x0000000000026a71       0x1c Core/Src/main.o
 .debug_macro   0x0000000000026a8d       0x10 Core/Src/main.o
 .debug_macro   0x0000000000026a9d       0x10 Core/Src/main.o
 .debug_macro   0x0000000000026aad       0x1c Core/Src/main.o
 .debug_macro   0x0000000000026ac9       0x52 Core/Src/main.o
 .debug_macro   0x0000000000026b1b       0x40 Core/Src/main.o
 .debug_macro   0x0000000000026b5b       0x10 Core/Src/main.o
 .debug_macro   0x0000000000026b6b       0x40 Core/Src/main.o
 .debug_macro   0x0000000000026bab       0xd7 Core/Src/main.o
 .debug_macro   0x0000000000026c82       0x1c Core/Src/main.o
 .debug_macro   0x0000000000026c9e       0x3d Core/Src/main.o
 .debug_macro   0x0000000000026cdb       0x16 Core/Src/main.o
 .debug_macro   0x0000000000026cf1      0x145 Core/Src/main.o
 .debug_macro   0x0000000000026e36       0x22 Core/Src/main.o
 .debug_macro   0x0000000000026e58      0x22f Core/Src/stm32l4xx_hal_msp.o
 .debug_macro   0x0000000000027087      0x239 Core/Src/stm32l4xx_it.o
 .debug_macro   0x00000000000272c0      0x226 Core/Src/system_stm32l4xx.o
 .debug_macro   0x00000000000274e6      0x26e Drivers/STM32L4xx_HAL_Driver/Src/stm32l4xx_hal.o
 .debug_macro   0x0000000000027754      0x23d Drivers/STM32L4xx_HAL_Driver/Src/stm32l4xx_hal_adc.o
 .debug_macro   0x0000000000027991      0x22c Drivers/STM32L4xx_HAL_Driver/Src/stm32l4xx_hal_adc_ex.o
 .debug_macro   0x0000000000027bbd      0x220 Drivers/STM32L4xx_HAL_Driver/Src/stm32l4xx_hal_cortex.o
 .debug_macro   0x0000000000027ddd      0x22f Drivers/STM32L4xx_HAL_Driver/Src/stm32l4xx_hal_dac.o
 .debug_macro   0x000000000002800c      0x220 Drivers/STM32L4xx_HAL_Driver/Src/stm32l4xx_hal_dma.o
 .debug_macro   0x000000000002822c      0x25f Drivers/STM32L4xx_HAL_Driver/Src/stm32l4xx_hal_gpio.o
 .debug_macro   0x000000000002848b      0x244 Drivers/STM32L4xx_HAL_Driver/Src/stm32l4xx_hal_pwr_ex.o
 .debug_macro   0x00000000000286cf      0x262 Drivers/STM32L4xx_HAL_Driver/Src/stm32l4xx_hal_rcc.o
 .debug_macro   0x0000000000028931      0x256 Drivers/STM32L4xx_HAL_Driver/Src/stm32l4xx_hal_rcc_ex.o
 .debug_macro   0x0000000000028b87      0x221 Drivers/STM32L4xx_HAL_Driver/Src/stm32l4xx_hal_tim.o
 .debug_macro   0x0000000000028da8      0x220 Drivers/STM32L4xx_HAL_Driver/Src/stm32l4xx_hal_tim_ex.o
 .debug_macro   0x0000000000028fc8      0x24b Drivers/STM32L4xx_HAL_Driver/Src/stm32l4xx_hal_uart.o

.debug_line     0x0000000000000000     0xe003
 .debug_line    0x0000000000000000      0xc9f Core/Src/main.o
 .debug_line    0x0000000000000c9f      0x8ad Core/Src/stm32l4xx_hal_msp.o
 .debug_line    0x000000000000154c      0x85f Core/Src/stm32l4xx_it.o
 .debug_line    0x0000000000001dab      0x7b0 Core/Src/system_stm32l4xx.o
 .debug_line    0x000000000000255b       0x85 Core/Startup/startup_stm32l476rgtx.o
 .debug_line    0x00000000000025e0      0xa24 Drivers/STM32L4xx_HAL_Driver/Src/stm32l4xx_hal.o
 .debug_line    0x0000000000003004     0x1536 Drivers/STM32L4xx_HAL_Driver/Src/stm32l4xx_hal_adc.o
 .debug_line    0x000000000000453a     0x1246 Drivers/STM32L4xx_HAL_Driver/Src/stm32l4xx_hal_adc_ex.o
 .debug_line    0x0000000000005780      0xaac Drivers/STM32L4xx_HAL_Driver/Src/stm32l4xx_hal_cortex.o
 .debug_line    0x000000000000622c      0x9e8 Drivers/STM32L4xx_HAL_Driver/Src/stm32l4xx_hal_dac.o
 .debug_line    0x0000000000006c14      0x9a9 Drivers/STM32L4xx_HAL_Driver/Src/stm32l4xx_hal_dma.o
 .debug_line    0x00000000000075bd      0x943 Drivers/STM32L4xx_HAL_Driver/Src/stm32l4xx_hal_gpio.o
 .debug_line    0x0000000000007f00      0xb3a Drivers/STM32L4xx_HAL_Driver/Src/stm32l4xx_hal_pwr_ex.o
 .debug_line    0x0000000000008a3a      0xa9d Drivers/STM32L4xx_HAL_Driver/Src/stm32l4xx_hal_rcc.o
 .debug_line    0x00000000000094d7      0xd33 Drivers/STM32L4xx_HAL_Driver/Src/stm32l4xx_hal_rcc_ex.o
 .debug_line    0x000000000000a20a     0x1c20 Drivers/STM32L4xx_HAL_Driver/Src/stm32l4xx_hal_tim.o
 .debug_line    0x000000000000be2a      0xe94 Drivers/STM32L4xx_HAL_Driver/Src/stm32l4xx_hal_tim_ex.o
 .debug_line    0x000000000000ccbe     0x1345 Drivers/STM32L4xx_HAL_Driver/Src/stm32l4xx_hal_uart.o

.debug_str      0x0000000000000000   0x107901
 .debug_str     0x0000000000000000   0x102eb6 Core/Src/main.o
                                     0x103645 (size before relaxing)
 .debug_str     0x0000000000102eb6      0x139 Core/Src/stm32l4xx_hal_msp.o
                                      0xfed91 (size before relaxing)
 .debug_str     0x0000000000102fef       0xff Core/Src/stm32l4xx_it.o
                                      0xfe118 (size before relaxing)
 .debug_str     0x00000000001030ee       0xcd Core/Src/system_stm32l4xx.o
                                      0xfdd74 (size before relaxing)
 .debug_str     0x00000000001031bb       0x36 Core/Startup/startup_stm32l476rgtx.o
                                         0x6f (size before relaxing)
 .debug_str     0x00000000001031f1      0x606 Drivers/STM32L4xx_HAL_Driver/Src/stm32l4xx_hal.o
                                      0xfe8b7 (size before relaxing)
 .debug_str     0x00000000001037f7      0x9d8 Drivers/STM32L4xx_HAL_Driver/Src/stm32l4xx_hal_adc.o
                                      0xfeac1 (size before relaxing)
 .debug_str     0x00000000001041cf      0x705 Drivers/STM32L4xx_HAL_Driver/Src/stm32l4xx_hal_adc_ex.o
                                      0xfeaa4 (size before relaxing)
 .debug_str     0x00000000001048d4      0x392 Drivers/STM32L4xx_HAL_Driver/Src/stm32l4xx_hal_cortex.o
                                      0xfe5c7 (size before relaxing)
 .debug_str     0x0000000000104c66      0x1ff Drivers/STM32L4xx_HAL_Driver/Src/stm32l4xx_hal_dac.o
                                      0xfe1aa (size before relaxing)
 .debug_str     0x0000000000104e65      0x253 Drivers/STM32L4xx_HAL_Driver/Src/stm32l4xx_hal_dma.o
                                      0xfdfcc (size before relaxing)
 .debug_str     0x00000000001050b8      0x236 Drivers/STM32L4xx_HAL_Driver/Src/stm32l4xx_hal_gpio.o
                                      0xfdff3 (size before relaxing)
 .debug_str     0x00000000001052ee      0x4a4 Drivers/STM32L4xx_HAL_Driver/Src/stm32l4xx_hal_pwr_ex.o
                                      0xfe28f (size before relaxing)
 .debug_str     0x0000000000105792      0x34e Drivers/STM32L4xx_HAL_Driver/Src/stm32l4xx_hal_rcc.o
                                      0xfe336 (size before relaxing)
 .debug_str     0x0000000000105ae0      0x3a6 Drivers/STM32L4xx_HAL_Driver/Src/stm32l4xx_hal_rcc_ex.o
                                      0xfe4c7 (size before relaxing)
 .debug_str     0x0000000000105e86      0xc81 Drivers/STM32L4xx_HAL_Driver/Src/stm32l4xx_hal_tim.o
                                      0xfedee (size before relaxing)
 .debug_str     0x0000000000106b07      0x5a7 Drivers/STM32L4xx_HAL_Driver/Src/stm32l4xx_hal_tim_ex.o
                                      0xfe70f (size before relaxing)
 .debug_str     0x00000000001070ae      0x853 Drivers/STM32L4xx_HAL_Driver/Src/stm32l4xx_hal_uart.o
                                      0xfe93e (size before relaxing)

.comment        0x0000000000000000       0x7b
 .comment       0x0000000000000000       0x7b Core/Src/main.o
                                         0x7c (size before relaxing)
 .comment       0x000000000000007b       0x7c Core/Src/stm32l4xx_hal_msp.o
 .comment       0x000000000000007b       0x7c Core/Src/stm32l4xx_it.o
 .comment       0x000000000000007b       0x7c Core/Src/system_stm32l4xx.o
 .comment       0x000000000000007b       0x7c Drivers/STM32L4xx_HAL_Driver/Src/stm32l4xx_hal.o
 .comment       0x000000000000007b       0x7c Drivers/STM32L4xx_HAL_Driver/Src/stm32l4xx_hal_adc.o
 .comment       0x000000000000007b       0x7c Drivers/STM32L4xx_HAL_Driver/Src/stm32l4xx_hal_adc_ex.o
 .comment       0x000000000000007b       0x7c Drivers/STM32L4xx_HAL_Driver/Src/stm32l4xx_hal_cortex.o
 .comment       0x000000000000007b       0x7c Drivers/STM32L4xx_HAL_Driver/Src/stm32l4xx_hal_dac.o
 .comment       0x000000000000007b       0x7c Drivers/STM32L4xx_HAL_Driver/Src/stm32l4xx_hal_dma.o
 .comment       0x000000000000007b       0x7c Drivers/STM32L4xx_HAL_Driver/Src/stm32l4xx_hal_gpio.o
 .comment       0x000000000000007b       0x7c Drivers/STM32L4xx_HAL_Driver/Src/stm32l4xx_hal_pwr_ex.o
 .comment       0x000000000000007b       0x7c Drivers/STM32L4xx_HAL_Driver/Src/stm32l4xx_hal_rcc.o
 .comment       0x000000000000007b       0x7c Drivers/STM32L4xx_HAL_Driver/Src/stm32l4xx_hal_rcc_ex.o
 .comment       0x000000000000007b       0x7c Drivers/STM32L4xx_HAL_Driver/Src/stm32l4xx_hal_tim.o
 .comment       0x000000000000007b       0x7c Drivers/STM32L4xx_HAL_Driver/Src/stm32l4xx_hal_tim_ex.o
 .comment       0x000000000000007b       0x7c Drivers/STM32L4xx_HAL_Driver/Src/stm32l4xx_hal_uart.o

.debug_frame    0x0000000000000000     0x5424
 .debug_frame   0x0000000000000000      0x24c Core/Src/main.o
 .debug_frame   0x000000000000024c      0x1cc Core/Src/stm32l4xx_hal_msp.o
 .debug_frame   0x0000000000000418      0x160 Core/Src/stm32l4xx_it.o
 .debug_frame   0x0000000000000578       0x58 Core/Src/system_stm32l4xx.o
 .debug_frame   0x00000000000005d0      0x498 Drivers/STM32L4xx_HAL_Driver/Src/stm32l4xx_hal.o
 .debug_frame   0x0000000000000a68      0xa04 Drivers/STM32L4xx_HAL_Driver/Src/stm32l4xx_hal_adc.o
 .debug_frame   0x000000000000146c      0x7a4 Drivers/STM32L4xx_HAL_Driver/Src/stm32l4xx_hal_adc_ex.o
 .debug_frame   0x0000000000001c10      0x498 Drivers/STM32L4xx_HAL_Driver/Src/stm32l4xx_hal_cortex.o
 .debug_frame   0x00000000000020a8      0x338 Drivers/STM32L4xx_HAL_Driver/Src/stm32l4xx_hal_dac.o
 .debug_frame   0x00000000000023e0      0x204 Drivers/STM32L4xx_HAL_Driver/Src/stm32l4xx_hal_dma.o
 .debug_frame   0x00000000000025e4      0x14c Drivers/STM32L4xx_HAL_Driver/Src/stm32l4xx_hal_gpio.o
 .debug_frame   0x0000000000002730      0x544 Drivers/STM32L4xx_HAL_Driver/Src/stm32l4xx_hal_pwr_ex.o
 .debug_frame   0x0000000000002c74      0x1f4 Drivers/STM32L4xx_HAL_Driver/Src/stm32l4xx_hal_rcc.o
 .debug_frame   0x0000000000002e68      0x2fc Drivers/STM32L4xx_HAL_Driver/Src/stm32l4xx_hal_rcc_ex.o
 .debug_frame   0x0000000000003164     0x1148 Drivers/STM32L4xx_HAL_Driver/Src/stm32l4xx_hal_tim.o
 .debug_frame   0x00000000000042ac      0x638 Drivers/STM32L4xx_HAL_Driver/Src/stm32l4xx_hal_tim_ex.o
 .debug_frame   0x00000000000048e4      0x974 Drivers/STM32L4xx_HAL_Driver/Src/stm32l4xx_hal_uart.o
 .debug_frame   0x0000000000005258       0x2c c:/st/stm32cubeide_1.3.0/stm32cubeide/plugins/com.st.stm32cube.ide.mcu.externaltools.gnu-tools-for-stm32.7-2018-q2-update.win32_1.0.0.201904181610/tools/bin/../lib/gcc/arm-none-eabi/7.3.1/../../../../arm-none-eabi/lib/thumb/v7e-m/fpv4-sp/hard\libc_nano.a(lib_a-init.o)
 .debug_frame   0x0000000000005284       0x20 c:/st/stm32cubeide_1.3.0/stm32cubeide/plugins/com.st.stm32cube.ide.mcu.externaltools.gnu-tools-for-stm32.7-2018-q2-update.win32_1.0.0.201904181610/tools/bin/../lib/gcc/arm-none-eabi/7.3.1/../../../../arm-none-eabi/lib/thumb/v7e-m/fpv4-sp/hard\libc_nano.a(lib_a-memset.o)
 .debug_frame   0x00000000000052a4       0xac c:/st/stm32cubeide_1.3.0/stm32cubeide/plugins/com.st.stm32cube.ide.mcu.externaltools.gnu-tools-for-stm32.7-2018-q2-update.win32_1.0.0.201904181610/tools/bin/../lib/gcc/arm-none-eabi/7.3.1/thumb/v7e-m/fpv4-sp/hard\libgcc.a(_arm_addsubdf3.o)
 .debug_frame   0x0000000000005350       0x50 c:/st/stm32cubeide_1.3.0/stm32cubeide/plugins/com.st.stm32cube.ide.mcu.externaltools.gnu-tools-for-stm32.7-2018-q2-update.win32_1.0.0.201904181610/tools/bin/../lib/gcc/arm-none-eabi/7.3.1/thumb/v7e-m/fpv4-sp/hard\libgcc.a(_arm_muldivdf3.o)
 .debug_frame   0x00000000000053a0       0x24 c:/st/stm32cubeide_1.3.0/stm32cubeide/plugins/com.st.stm32cube.ide.mcu.externaltools.gnu-tools-for-stm32.7-2018-q2-update.win32_1.0.0.201904181610/tools/bin/../lib/gcc/arm-none-eabi/7.3.1/thumb/v7e-m/fpv4-sp/hard\libgcc.a(_arm_fixdfsi.o)
 .debug_frame   0x00000000000053c4       0x2c c:/st/stm32cubeide_1.3.0/stm32cubeide/plugins/com.st.stm32cube.ide.mcu.externaltools.gnu-tools-for-stm32.7-2018-q2-update.win32_1.0.0.201904181610/tools/bin/../lib/gcc/arm-none-eabi/7.3.1/thumb/v7e-m/fpv4-sp/hard\libgcc.a(_aeabi_uldivmod.o)
 .debug_frame   0x00000000000053f0       0x34 c:/st/stm32cubeide_1.3.0/stm32cubeide/plugins/com.st.stm32cube.ide.mcu.externaltools.gnu-tools-for-stm32.7-2018-q2-update.win32_1.0.0.201904181610/tools/bin/../lib/gcc/arm-none-eabi/7.3.1/thumb/v7e-m/fpv4-sp/hard\libgcc.a(_udivmoddi4.o)
